DEBUG:paramiko.transport:starting thread (client mode): 0x7b0fcc40
DEBUG:paramiko.transport:Local version/idstring: SSH-2.0-paramiko_2.7.2
DEBUG:paramiko.transport:Remote version/idstring: SSH-2.0-Cisco-1.25
INFO:paramiko.transport:Connected (version 2.0, client Cisco-1.25)
DEBUG:paramiko.transport:kex algos:['diffie-hellman-group-exchange-sha1', 'diffie-hellman-group14-sha1'] server key:['ssh-rsa'] client encrypt:['aes128-ctr', 'aes192-ctr', 'aes256-ctr'] server encrypt:['aes128-ctr', 'aes192-ctr', 'aes256-ctr'] client mac:['hmac-sha2-256', 'hmac-sha2-512', 'hmac-sha1', 'hmac-sha1-96'] server mac:['hmac-sha2-256', 'hmac-sha2-512', 'hmac-sha1', 'hmac-sha1-96'] client compress:['none'] server compress:['none'] client lang:[''] server lang:[''] kex follows?False
DEBUG:paramiko.transport:Kex agreed: diffie-hellman-group-exchange-sha1
DEBUG:paramiko.transport:HostKey agreed: ssh-rsa
DEBUG:paramiko.transport:Cipher agreed: aes128-ctr
DEBUG:paramiko.transport:MAC agreed: hmac-sha2-256
DEBUG:paramiko.transport:Compression agreed: none
DEBUG:paramiko.transport:Got server p (2048 bits)
DEBUG:paramiko.transport:kex engine KexGex specified hash_algo <built-in function openssl_sha1>
DEBUG:paramiko.transport:Switch to new keys ...
DEBUG:paramiko.transport:Adding ssh-rsa host key for ns1.example.com: b'003d6aedc7a6df51b62c3069601ae7be'
DEBUG:paramiko.transport:userauth is OK
INFO:paramiko.transport:Auth banner: b"\r\n**************************************************************************\r\n* IOSv is strictly limited to use for evaluation, demonstration and IOS  *\r\n* education. IOSv is provided as-is and is not supported by Cisco's      *\r\n* Technical Advisory Center. Any use or disclosure, in whole or in part, *\r\n* of the IOSv Software or Documentation to any third party for any       *\r\n* purposes is expressly prohibited except as otherwise authorized by     *\r\n* Cisco in writing.                                                      *\r\n**************************************************************************"
INFO:paramiko.transport:Authentication (password) successful!
DEBUG:paramiko.transport:[chan 0] Max packet in: 32768 bytes
DEBUG:paramiko.transport:[chan 0] Max packet out: 4096 bytes
DEBUG:paramiko.transport:Secsh channel 0 opened.
DEBUG:paramiko.transport:[chan 0] Sesch channel 0 request ok
DEBUG:paramiko.transport:[chan 0] Sesch channel 0 request ok
DEBUG:netmiko:write_channel: b'terminal width 511\n'
DEBUG:netmiko:Pattern is: terminal width 511
DEBUG:netmiko:_read_channel_expect read_data: 
**************************************************************************
* IOSv is strictly limited to use for evaluation, demonstration and IOS  *
* education. IOSv is provided as-is and is not supported by Cisco's      *
* Technical Advisory Center. Any use or disclosure, in whole or in part, *
* of the IOSv Software or Documentation to any third party for any       *
* purposes is expressly prohibited except as otherwise authorized by     *
* Cisco in writing.                                                      *
**************************************************************************
DNSv6#
DEBUG:netmiko:_read_channel_expect read_data: terminal width 5
DEBUG:netmiko:_read_channel_expect read_data: 11
DNSv6#
DEBUG:netmiko:Pattern found: terminal width 511 
**************************************************************************
* IOSv is strictly limited to use for evaluation, demonstration and IOS  *
* education. IOSv is provided as-is and is not supported by Cisco's      *
* Technical Advisory Center. Any use or disclosure, in whole or in part, *
* of the IOSv Software or Documentation to any third party for any       *
* purposes is expressly prohibited except as otherwise authorized by     *
* Cisco in writing.                                                      *
**************************************************************************
DNSv6#terminal width 511
DNSv6#
DEBUG:netmiko:In disable_paging
DEBUG:netmiko:Command: terminal length 0

DEBUG:netmiko:write_channel: b'terminal length 0\n'
DEBUG:netmiko:Pattern is: terminal\ length\ 0
DEBUG:netmiko:_read_channel_expect read_data: t
DEBUG:netmiko:_read_channel_expect read_data: erminal length 
DEBUG:netmiko:_read_channel_expect read_data: 0
DNSv6#
DEBUG:netmiko:Pattern found: terminal\ length\ 0 terminal length 0
DNSv6#
DEBUG:netmiko:terminal length 0
DNSv6#
DEBUG:netmiko:Exiting disable_paging
DEBUG:netmiko:read_channel: 
DEBUG:netmiko:write_channel: b'\n'
DEBUG:netmiko:read_channel: 
DNSv6#
DEBUG:netmiko:read_channel: 
DEBUG:netmiko:[find_prompt()]: prompt is DNSv6#
DEBUG:netmiko:write_channel: b'\n'
DEBUG:netmiko:Pattern is: DNSv6
DEBUG:netmiko:_read_channel_expect read_data: 

DEBUG:netmiko:_read_channel_expect read_data: DNSv6#
DEBUG:netmiko:Pattern found: DNSv6 
DNSv6#
DEBUG:netmiko:write_channel: b'show running-config \n'
DEBUG:netmiko:write_channel: b'\n'
DEBUG:netmiko:read_channel: show running-config 
Building configuration...

DEBUG:netmiko:read_channel: 
Current configuration : 4124 bytes
!
! Last configuration change at 05:19:26 UTC Fri Sep 17 2021 by cesar
!
version 15.7
service timestamps debug datetime msec
service timestamps log datetime msec
no service password-encryption
!
hostname DNSv6
!
boot-start-marker
boot-end-marker
!
!
!
no aaa new-model
!
!
!
mmi polling-interval 60
no mmi auto-configure
no mmi pvc
mmi snmp-timeout 180
!
!
!
!
!
no ip icmp rate-limit unreachable
!
!
!
!
!
!
no ip domain lookup
ip domain name example.com
ip host ns1.example.com 2001:DB8:CAFE:1::500
ip host r1.example.com 2001:DB8:CAFE:1::1 2001:DB8:CAFE::1
ip host sw1.example.com 2001:DB8:CAFE::100
ip host sw2.example.com 2001:DB8:CAFE:1::100
ip host r15.example.com 2001:DB8:CAFE:1::1500
ip host r2.example.com 2001:DB8:CAFE:2::1
ip host r3.example.com 2001:DB8:CAFE:3::1
ip host r4.example.com 2001:DB8:CAFE:4::1
ip host r5.example.com 2001:DB8:CAFE:5::1
ip cef
no ipv6 cef
ipv6 dhcp pool example.com
 dns-server 2001:DB8:CAFE:1::500
!
!
multilink bundle-name authenticated
!
!
!
!
username cesar privilege 15 secret 5 $1$ySxB$UVcFsfDJ7NqR6pUn563lN.
!
redundancy
!
no cdp log mismatch duplex
!
ip tcp synwait-time 5
! 
!
!
!
!
!
!
!
!
!
!
!
!
interface GigabitEthernet0/0
 no ip address
 shutdown
 duplex auto
 speed auto
 media-type rj45
!
interface GigabitEthernet0/1
 no ip address
 shutdown
 duplex auto
 speed auto
 media-type rj45
!
interface GigabitEthernet0/2
 no ip address
 shutdown
 duplex auto
 speed auto
 media-type rj45
!
interface GigabitEthernet0/3
 no ip address
 duplex auto
 speed auto
 media-type rj45
 ipv6 address 2001:DB8:CAFE:1::500/64
 ipv6 enable
 ipv6 dhcp server example.com
!
ip forward-protocol nd
!
!
no ip http server
no ip http secure-server
ip dns server
ip dns primary example.com soa ns1.example.com admin.example.com 21600 900 7776000 86400
ip ssh version 2
ip ssh pubkey-chain
  username cesar
   key-hash ssh-rsa 0BDCD1C9D77226E8F85FA3F43ADDE159 cesar@ns1.example.com
ip ssh server algorithm authentication keyboard password publickey
!
ipv6 ioam timestamp
!
!
!
control-plane
!
banner exec ^C
**************************************************************************
* IOSv is strictly limited to use for evaluation, demonstration and IOS  *
* education. IOSv is provided as-is and is not supported by Cisco's      *
* Technical Advisory Center. Any use or disclosure, in whole or in part, *
* of the IOSv Software or Documentation to any third party for any       *
* purposes is expressly prohibited except as otherwise authorized by     *
* Cisco in writing.                                                      *
**************************************************************************^C
banner incoming ^C
**************************************************************************
* IOSv is strictly limited to use for evaluation, demonstration and IOS  *
* education. IOSv is provided as-is and is not supported by Cisco's      *
* Technical Advisory Center. Any use or disclosure, in whole or in part, *
* of the IOSv Software or Documentation to any third party for any       *
* purposes is expressly prohibited except as otherwise authorized by     *
* Cisco in writing.                                                      *
**************************************************************************^C
banner login ^C
**************************************************************************
* IOSv is strictly limited to use for evaluation, demonstration and IOS  *
* education. IOSv is provided as-is and is not supported by Cisco's      *
* Technical Advisory Center. Any use or disclosure, in whole or in part, *
* of the IOSv Software or Documentation to any third party for any       *
* purposes is expressly prohibited except as otherwise authorized by     *
* Cisco in writing.                                                      *
**************************************************************************^C
!
line con 0
 exec-timeout 0 0
 privilege level 15
 logging synchronous
line aux 0
 exec-timeout 0 0
 privilege level 15
 logging synchronous
line vty 0 4
 logging synchronous
 login local
 transport input telnet ssh
!
no scheduler allocate
!
end

DNSv6#
DNSv6#
DEBUG:netmiko:read_channel: 
DEBUG:netmiko:read_channel: 
DEBUG:netmiko:write_channel: b'exit\n'
DEBUG:paramiko.transport:starting thread (client mode): 0xb994cbb0
DEBUG:paramiko.transport:Local version/idstring: SSH-2.0-paramiko_2.7.2
DEBUG:paramiko.transport:Remote version/idstring: SSH-2.0-Cisco-1.25
INFO:paramiko.transport:Connected (version 2.0, client Cisco-1.25)
DEBUG:paramiko.transport:kex algos:['diffie-hellman-group-exchange-sha1', 'diffie-hellman-group14-sha1'] server key:['ssh-rsa'] client encrypt:['aes128-ctr', 'aes192-ctr', 'aes256-ctr'] server encrypt:['aes128-ctr', 'aes192-ctr', 'aes256-ctr'] client mac:['hmac-sha2-256', 'hmac-sha2-512', 'hmac-sha1', 'hmac-sha1-96'] server mac:['hmac-sha2-256', 'hmac-sha2-512', 'hmac-sha1', 'hmac-sha1-96'] client compress:['none'] server compress:['none'] client lang:[''] server lang:[''] kex follows?False
DEBUG:paramiko.transport:Kex agreed: diffie-hellman-group-exchange-sha1
DEBUG:paramiko.transport:HostKey agreed: ssh-rsa
DEBUG:paramiko.transport:Cipher agreed: aes128-ctr
DEBUG:paramiko.transport:MAC agreed: hmac-sha2-256
DEBUG:paramiko.transport:Compression agreed: none
DEBUG:paramiko.transport:Got server p (2048 bits)
DEBUG:paramiko.transport:kex engine KexGex specified hash_algo <built-in function openssl_sha1>
DEBUG:paramiko.transport:Switch to new keys ...
DEBUG:paramiko.transport:Adding ssh-rsa host key for ns1.example.com: b'003d6aedc7a6df51b62c3069601ae7be'
DEBUG:paramiko.transport:starting thread (client mode): 0x9736bbb0
DEBUG:paramiko.transport:Local version/idstring: SSH-2.0-paramiko_2.7.2
DEBUG:paramiko.transport:Remote version/idstring: SSH-2.0-Cisco-1.25
INFO:paramiko.transport:Connected (version 2.0, client Cisco-1.25)
DEBUG:paramiko.transport:kex algos:['diffie-hellman-group-exchange-sha1', 'diffie-hellman-group14-sha1'] server key:['ssh-rsa'] client encrypt:['aes128-ctr', 'aes192-ctr', 'aes256-ctr'] server encrypt:['aes128-ctr', 'aes192-ctr', 'aes256-ctr'] client mac:['hmac-sha2-256', 'hmac-sha2-512', 'hmac-sha1', 'hmac-sha1-96'] server mac:['hmac-sha2-256', 'hmac-sha2-512', 'hmac-sha1', 'hmac-sha1-96'] client compress:['none'] server compress:['none'] client lang:[''] server lang:[''] kex follows?False
DEBUG:paramiko.transport:Kex agreed: diffie-hellman-group-exchange-sha1
DEBUG:paramiko.transport:HostKey agreed: ssh-rsa
DEBUG:paramiko.transport:Cipher agreed: aes128-ctr
DEBUG:paramiko.transport:MAC agreed: hmac-sha2-256
DEBUG:paramiko.transport:Compression agreed: none
DEBUG:paramiko.transport:Got server p (2048 bits)
DEBUG:paramiko.transport:kex engine KexGex specified hash_algo <built-in function openssl_sha1>
DEBUG:paramiko.transport:Switch to new keys ...
DEBUG:paramiko.transport:Adding ssh-rsa host key for ns1.example.com: b'003d6aedc7a6df51b62c3069601ae7be'
DEBUG:paramiko.transport:starting thread (client mode): 0x49611b20
DEBUG:paramiko.transport:Local version/idstring: SSH-2.0-paramiko_2.7.2
DEBUG:paramiko.transport:Remote version/idstring: SSH-2.0-Cisco-1.25
INFO:paramiko.transport:Connected (version 2.0, client Cisco-1.25)
DEBUG:paramiko.transport:kex algos:['diffie-hellman-group-exchange-sha1', 'diffie-hellman-group14-sha1'] server key:['ssh-rsa'] client encrypt:['aes128-ctr', 'aes192-ctr', 'aes256-ctr'] server encrypt:['aes128-ctr', 'aes192-ctr', 'aes256-ctr'] client mac:['hmac-sha2-256', 'hmac-sha2-512', 'hmac-sha1', 'hmac-sha1-96'] server mac:['hmac-sha2-256', 'hmac-sha2-512', 'hmac-sha1', 'hmac-sha1-96'] client compress:['none'] server compress:['none'] client lang:[''] server lang:[''] kex follows?False
DEBUG:paramiko.transport:Kex agreed: diffie-hellman-group-exchange-sha1
DEBUG:paramiko.transport:HostKey agreed: ssh-rsa
DEBUG:paramiko.transport:Cipher agreed: aes128-ctr
DEBUG:paramiko.transport:MAC agreed: hmac-sha2-256
DEBUG:paramiko.transport:Compression agreed: none
DEBUG:paramiko.transport:Got server p (2048 bits)
DEBUG:paramiko.transport:kex engine KexGex specified hash_algo <built-in function openssl_sha1>
DEBUG:paramiko.transport:Switch to new keys ...
DEBUG:paramiko.transport:Adding ssh-rsa host key for ns1.example.com: b'003d6aedc7a6df51b62c3069601ae7be'
DEBUG:paramiko.transport:starting thread (client mode): 0x920e9b20
DEBUG:paramiko.transport:Local version/idstring: SSH-2.0-paramiko_2.7.2
DEBUG:paramiko.transport:Remote version/idstring: SSH-2.0-Cisco-1.25
INFO:paramiko.transport:Connected (version 2.0, client Cisco-1.25)
DEBUG:paramiko.transport:kex algos:['diffie-hellman-group-exchange-sha1', 'diffie-hellman-group14-sha1'] server key:['ssh-rsa'] client encrypt:['aes128-ctr', 'aes192-ctr', 'aes256-ctr'] server encrypt:['aes128-ctr', 'aes192-ctr', 'aes256-ctr'] client mac:['hmac-sha2-256', 'hmac-sha2-512', 'hmac-sha1', 'hmac-sha1-96'] server mac:['hmac-sha2-256', 'hmac-sha2-512', 'hmac-sha1', 'hmac-sha1-96'] client compress:['none'] server compress:['none'] client lang:[''] server lang:[''] kex follows?False
DEBUG:paramiko.transport:Kex agreed: diffie-hellman-group-exchange-sha1
DEBUG:paramiko.transport:HostKey agreed: ssh-rsa
DEBUG:paramiko.transport:Cipher agreed: aes128-ctr
DEBUG:paramiko.transport:MAC agreed: hmac-sha2-256
DEBUG:paramiko.transport:Compression agreed: none
DEBUG:paramiko.transport:Got server p (2048 bits)
DEBUG:paramiko.transport:kex engine KexGex specified hash_algo <built-in function openssl_sha1>
DEBUG:paramiko.transport:Switch to new keys ...
DEBUG:paramiko.transport:Adding ssh-rsa host key for ns1.example.com: b'003d6aedc7a6df51b62c3069601ae7be'
DEBUG:paramiko.transport:starting thread (client mode): 0x5cf64b80
DEBUG:paramiko.transport:Local version/idstring: SSH-2.0-paramiko_2.7.2
DEBUG:paramiko.transport:Remote version/idstring: SSH-2.0-Cisco-1.25
INFO:paramiko.transport:Connected (version 2.0, client Cisco-1.25)
DEBUG:paramiko.transport:kex algos:['diffie-hellman-group-exchange-sha1', 'diffie-hellman-group14-sha1'] server key:['ssh-rsa'] client encrypt:['aes128-ctr', 'aes192-ctr', 'aes256-ctr'] server encrypt:['aes128-ctr', 'aes192-ctr', 'aes256-ctr'] client mac:['hmac-sha2-256', 'hmac-sha2-512', 'hmac-sha1', 'hmac-sha1-96'] server mac:['hmac-sha2-256', 'hmac-sha2-512', 'hmac-sha1', 'hmac-sha1-96'] client compress:['none'] server compress:['none'] client lang:[''] server lang:[''] kex follows?False
DEBUG:paramiko.transport:Kex agreed: diffie-hellman-group-exchange-sha1
DEBUG:paramiko.transport:HostKey agreed: ssh-rsa
DEBUG:paramiko.transport:Cipher agreed: aes128-ctr
DEBUG:paramiko.transport:MAC agreed: hmac-sha2-256
DEBUG:paramiko.transport:Compression agreed: none
DEBUG:paramiko.transport:Got server p (2048 bits)
DEBUG:paramiko.transport:kex engine KexGex specified hash_algo <built-in function openssl_sha1>
DEBUG:paramiko.transport:Switch to new keys ...
DEBUG:paramiko.transport:Adding ssh-rsa host key for ns1.example.com: b'003d6aedc7a6df51b62c3069601ae7be'
DEBUG:paramiko.transport:Trying discovered key b'0bdcd1c9d77226e8f85fa3f43adde159' in /home/kali/.ssh/ns1.example.com_id_rsa
DEBUG:paramiko.transport:userauth is OK
INFO:paramiko.transport:Auth banner: b"\r\n**************************************************************************\r\n* IOSv is strictly limited to use for evaluation, demonstration and IOS  *\r\n* education. IOSv is provided as-is and is not supported by Cisco's      *\r\n* Technical Advisory Center. Any use or disclosure, in whole or in part, *\r\n* of the IOSv Software or Documentation to any third party for any       *\r\n* purposes is expressly prohibited except as otherwise authorized by     *\r\n* Cisco in writing.                                                      *\r\n**************************************************************************"
INFO:paramiko.transport:Authentication (publickey) successful!
DEBUG:paramiko.transport:[chan 0] Max packet in: 32768 bytes
DEBUG:paramiko.transport:[chan 0] Max packet out: 4096 bytes
DEBUG:paramiko.transport:Secsh channel 0 opened.
DEBUG:paramiko.transport:[chan 0] Sesch channel 0 request ok
DEBUG:paramiko.transport:[chan 0] Sesch channel 0 request ok
DEBUG:netmiko:write_channel: b'terminal width 511\n'
DEBUG:netmiko:Pattern is: terminal width 511
DEBUG:netmiko:_read_channel_expect read_data: 
**************************************************************************
* IOSv is strictly limited to use for evaluation, demonstration and IOS  *
* education. IOSv is provided as-is and is not supported by Cisco's      *
* Technical Advisory Center. Any use or disclosure, in whole or in part, *
* of the IOSv Software or Documentation to any third party for any       *
* purposes is expressly prohibited except as otherwise authorized by     *
* Cisco in writing.                                                      *
**************************************************************************
DNSv6#
DEBUG:netmiko:_read_channel_expect read_data: terminal width
DEBUG:netmiko:_read_channel_expect read_data:  511
DNSv6#
DEBUG:netmiko:Pattern found: terminal width 511 
**************************************************************************
* IOSv is strictly limited to use for evaluation, demonstration and IOS  *
* education. IOSv is provided as-is and is not supported by Cisco's      *
* Technical Advisory Center. Any use or disclosure, in whole or in part, *
* of the IOSv Software or Documentation to any third party for any       *
* purposes is expressly prohibited except as otherwise authorized by     *
* Cisco in writing.                                                      *
**************************************************************************
DNSv6#terminal width 511
DNSv6#
DEBUG:netmiko:In disable_paging
DEBUG:netmiko:Command: terminal length 0

DEBUG:netmiko:write_channel: b'terminal length 0\n'
DEBUG:netmiko:Pattern is: terminal\ length\ 0
DEBUG:netmiko:_read_channel_expect read_data: t
DEBUG:netmiko:_read_channel_expect read_data: erminal length 0
DNSv6#
DEBUG:netmiko:Pattern found: terminal\ length\ 0 terminal length 0
DNSv6#
DEBUG:netmiko:terminal length 0
DNSv6#
DEBUG:netmiko:Exiting disable_paging
DEBUG:netmiko:read_channel: 
DEBUG:netmiko:write_channel: b'\n'
DEBUG:netmiko:read_channel: 
DNSv6#
DEBUG:netmiko:read_channel: 
DEBUG:netmiko:[find_prompt()]: prompt is DNSv6#
DEBUG:netmiko:write_channel: b'\n'
DEBUG:netmiko:Pattern is: DNSv6
DEBUG:netmiko:_read_channel_expect read_data: 

DEBUG:netmiko:_read_channel_expect read_data: DNSv6#
DEBUG:netmiko:Pattern found: DNSv6 
DNSv6#
DEBUG:netmiko:write_channel: b'show running-config \n'
DEBUG:netmiko:write_channel: b'\n'
DEBUG:netmiko:read_channel: show running-config 
Building configuration...

DEBUG:netmiko:read_channel: 
Current configuration : 4124 bytes
!
! Last configuration change at 05:19:26 UTC Fri Sep 17 2021 by cesar
!
version 15.7
service timestamps debug datetime msec
service timestamps log datetime msec
no service password-encryption
!
hostname DNSv6
!
boot-start-marker
boot-end-marker
!
!
!
no aaa new-model
!
!
!
mmi polling-interval 60
no mmi auto-configure
no mmi pvc
mmi snmp-timeout 180
!
!
!
!
!
no ip icmp rate-limit unreachable
!
!
!
!
!
!
no ip domain lookup
ip domain name example.com
ip host ns1.example.com 2001:DB8:CAFE:1::500
ip host r1.example.com 2001:DB8:CAFE:1::1 2001:DB8:CAFE::1
ip host sw1.example.com 2001:DB8:CAFE::100
ip host sw2.example.com 2001:DB8:CAFE:1::100
ip host r15.example.com 2001:DB8:CAFE:1::1500
ip host r2.example.com 2001:DB8:CAFE:2::1
ip host r3.example.com 2001:DB8:CAFE:3::1
ip host r4.example.com 2001:DB8:CAFE:4::1
ip host r5.example.com 2001:DB8:CAFE:5::1
ip cef
no ipv6 cef
ipv6 dhcp pool example.com
 dns-server 2001:DB8:CAFE:1::500
!
!
multilink bundle-name authenticated
!
!
!
!
username cesar privilege 15 secret 5 $1$ySxB$UVcFsfDJ7NqR6pUn563lN.
!
redundancy
!
no cdp log mismatch duplex
!
ip tcp synwait-time 5
! 
!
!
!
!
!
!
!
!
!
!
!
!
interface GigabitEthernet0/0
 no ip address
 shutdown
 duplex auto
 speed auto
 media-type rj45
!
interface GigabitEthernet0/1
 no ip address
 shutdown
 duplex auto
 speed auto
 media-type rj45
!
interface GigabitEthernet0/2
 no ip address
 shutdown
 duplex auto
 speed auto
 media-type rj45
!
interface GigabitEthernet0/3
 no ip address
 duplex auto
 speed auto
 media-type rj45
 ipv6 address 2001:DB8:CAFE:1::500/64
 ipv6 enable
 ipv6 dhcp server example.com
!
ip forward-protocol nd
!
!
no ip http server
no ip http secure-server
ip dns server
ip dns primary example.com soa ns1.example.com admin.example.com 21600 900 7776000 86400
ip ssh version 2
ip ssh pubkey-chain
  username cesar
   key-hash ssh-rsa 0BDCD1C9D77226E8F85FA3F43ADDE159 cesar@ns1.example.com
ip ssh server algorithm authentication keyboard password publickey
!
ipv6 ioam timestamp
!
!
!
control-plane
!
banner exec ^C
**************************************************************************
* IOSv is strictly limited to use for evaluation, demonstration and IOS  *
* education. IOSv is provided as-is and is not supported by Cisco's      *
* Technical Advisory Center. Any use or disclosure, in whole or in part, *
* of the IOSv Software or Documentation to any third party for any       *
* purposes is expressly prohibited except as otherwise authorized by     *
* Cisco in writing.                                                      *
**************************************************************************^C
banner incoming ^C
**************************************************************************
* IOSv is strictly limited to use for evaluation, demonstration and IOS  *
* education. IOSv is provided as-is and is not supported by Cisco's      *
* Technical Advisory Center. Any use or disclosure, in whole or in part, *
* of the IOSv Software or Documentation to any third party for any       *
* purposes is expressly prohibited except as otherwise authorized by     *
* Cisco in writing.                                                      *
**************************************************************************^C
banner login ^C
**************************************************************************
* IOSv is strictly limited to use for evaluation, demonstration and IOS  *
* education. IOSv is provided as-is and is not supported by Cisco's      *
* Technical Advisory Center. Any use or disclosure, in whole or in part, *
* of the IOSv Software or Documentation to any third party for any       *
* purposes is expressly prohibited except as otherwise authorized by     *
* Cisco in writing.                                                      *
**************************************************************************^C
!
line con 0
 exec-timeout 0 0
 privilege level 15
 logging synchronous
line aux 0
 exec-timeout 0 0
 privilege level 15
 logging synchronous
line vty 0 4
 logging synchronous
 login local
 transport input telnet ssh
!
no scheduler allocate
!
end

DNSv6#
DNSv6#
DEBUG:netmiko:read_channel: 
DEBUG:netmiko:read_channel: 
DEBUG:netmiko:write_channel: b'exit\n'
DEBUG:paramiko.transport:starting thread (client mode): 0x5160eb20
DEBUG:paramiko.transport:Local version/idstring: SSH-2.0-paramiko_2.7.2
DEBUG:paramiko.transport:Remote version/idstring: SSH-2.0-Cisco-1.25
INFO:paramiko.transport:Connected (version 2.0, client Cisco-1.25)
DEBUG:paramiko.transport:kex algos:['diffie-hellman-group-exchange-sha1', 'diffie-hellman-group14-sha1'] server key:['ssh-rsa'] client encrypt:['aes128-ctr', 'aes192-ctr', 'aes256-ctr'] server encrypt:['aes128-ctr', 'aes192-ctr', 'aes256-ctr'] client mac:['hmac-sha2-256', 'hmac-sha2-512', 'hmac-sha1', 'hmac-sha1-96'] server mac:['hmac-sha2-256', 'hmac-sha2-512', 'hmac-sha1', 'hmac-sha1-96'] client compress:['none'] server compress:['none'] client lang:[''] server lang:[''] kex follows?False
DEBUG:paramiko.transport:Kex agreed: diffie-hellman-group-exchange-sha1
DEBUG:paramiko.transport:HostKey agreed: ssh-rsa
DEBUG:paramiko.transport:Cipher agreed: aes128-ctr
DEBUG:paramiko.transport:MAC agreed: hmac-sha2-256
DEBUG:paramiko.transport:Compression agreed: none
DEBUG:paramiko.transport:Got server p (2048 bits)
DEBUG:paramiko.transport:kex engine KexGex specified hash_algo <built-in function openssl_sha1>
DEBUG:paramiko.transport:Switch to new keys ...
DEBUG:paramiko.transport:Adding ssh-rsa host key for ns1.example.com: b'003d6aedc7a6df51b62c3069601ae7be'
DEBUG:paramiko.transport:Trying discovered key b'0bdcd1c9d77226e8f85fa3f43adde159' in /home/kali/.ssh/ns1.example.com_id_rsa
DEBUG:paramiko.transport:userauth is OK
INFO:paramiko.transport:Auth banner: b"\r\n**************************************************************************\r\n* IOSv is strictly limited to use for evaluation, demonstration and IOS  *\r\n* education. IOSv is provided as-is and is not supported by Cisco's      *\r\n* Technical Advisory Center. Any use or disclosure, in whole or in part, *\r\n* of the IOSv Software or Documentation to any third party for any       *\r\n* purposes is expressly prohibited except as otherwise authorized by     *\r\n* Cisco in writing.                                                      *\r\n**************************************************************************"
INFO:paramiko.transport:Authentication (publickey) successful!
DEBUG:paramiko.transport:[chan 0] Max packet in: 32768 bytes
DEBUG:paramiko.transport:[chan 0] Max packet out: 4096 bytes
DEBUG:paramiko.transport:Secsh channel 0 opened.
DEBUG:paramiko.transport:[chan 0] Sesch channel 0 request ok
DEBUG:paramiko.transport:[chan 0] Sesch channel 0 request ok
DEBUG:netmiko:write_channel: b'terminal width 511\n'
DEBUG:netmiko:Pattern is: terminal width 511
DEBUG:netmiko:_read_channel_expect read_data: 
**************************************************************************
* IOSv is strictly limited to use for evaluation, demonstration and IOS  *
* education. IOSv is provided as-is and is not supported by Cisco's      *
* Technical Advisory Center. Any use or disclosure, in whole or in part, *
* of the IOSv Software or Documentation to any third party for any       *
* purposes is expressly prohibited except as otherwise authorized by     *
* Cisco in writing.                                                      *
**************************************************************************
DNSv6#
DEBUG:netmiko:_read_channel_expect read_data: terminal width 511
DEBUG:netmiko:Pattern found: terminal width 511 
**************************************************************************
* IOSv is strictly limited to use for evaluation, demonstration and IOS  *
* education. IOSv is provided as-is and is not supported by Cisco's      *
* Technical Advisory Center. Any use or disclosure, in whole or in part, *
* of the IOSv Software or Documentation to any third party for any       *
* purposes is expressly prohibited except as otherwise authorized by     *
* Cisco in writing.                                                      *
**************************************************************************
DNSv6#terminal width 511
DEBUG:netmiko:In disable_paging
DEBUG:netmiko:Command: terminal length 0

DEBUG:netmiko:write_channel: b'terminal length 0\n'
DEBUG:netmiko:Pattern is: terminal\ length\ 0
DEBUG:netmiko:_read_channel_expect read_data: 

DEBUG:netmiko:_read_channel_expect read_data: DNSv6#terminal len
DEBUG:netmiko:_read_channel_expect read_data: gth 0
DNSv6#
DEBUG:netmiko:Pattern found: terminal\ length\ 0 
DNSv6#terminal length 0
DNSv6#
DEBUG:netmiko:
DNSv6#terminal length 0
DNSv6#
DEBUG:netmiko:Exiting disable_paging
DEBUG:netmiko:read_channel: 
DEBUG:netmiko:write_channel: b'\n'
DEBUG:netmiko:read_channel: 
DNSv6#
DEBUG:netmiko:read_channel: 
DEBUG:netmiko:[find_prompt()]: prompt is DNSv6#
DEBUG:netmiko:write_channel: b'\n'
DEBUG:netmiko:Pattern is: DNSv6
DEBUG:netmiko:_read_channel_expect read_data: 

DEBUG:netmiko:_read_channel_expect read_data: DNSv6#
DEBUG:netmiko:Pattern found: DNSv6 
DNSv6#
DEBUG:netmiko:write_channel: b'show running-config \n'
DEBUG:netmiko:write_channel: b'\n'
DEBUG:netmiko:read_channel: show running-config 
Building configuration...

DEBUG:netmiko:read_channel: 
Current configuration : 4124 bytes
!
! Last configuration change at 05:19:26 UTC Fri Sep 17 2021 by cesar
!
version 15.7
service timestamps debug datetime msec
service timestamps log datetime msec
no service password-encryption
!
hostname DNSv6
!
boot-start-marker
boot-end-marker
!
!
!
no aaa new-model
!
!
!
mmi polling-interval 60
no mmi auto-configure
no mmi pvc
mmi snmp-timeout 180
!
!
!
!
!
no ip icmp rate-limit unreachable
!
!
!
!
!
!
no ip domain lookup
ip domain name example.com
ip host ns1.example.com 2001:DB8:CAFE:1::500
ip host r1.example.com 2001:DB8:CAFE:1::1 2001:DB8:CAFE::1
ip host sw1.example.com 2001:DB8:CAFE::100
ip host sw2.example.com 2001:DB8:CAFE:1::100
ip host r15.example.com 2001:DB8:CAFE:1::1500
ip host r2.example.com 2001:DB8:CAFE:2::1
ip host r3.example.com 2001:DB8:CAFE:3::1
ip host r4.example.com 2001:DB8:CAFE:4::1
ip host r5.example.com 2001:DB8:CAFE:5::1
ip cef
no ipv6 cef
ipv6 dhcp pool example.com
 dns-server 2001:DB8:CAFE:1::500
!
!
multilink bundle-name authenticated
!
!
!
!
username cesar privilege 15 secret 5 $1$ySxB$UVcFsfDJ7NqR6pUn563lN.
!
redundancy
!
no cdp log mismatch duplex
!
ip tcp synwait-time 5
! 
!
!
!
!
!
!
!
!
!
!
!
!
interface GigabitEthernet0/0
 no ip address
 shutdown
 duplex auto
 speed auto
 media-type rj45
!
interface GigabitEthernet0/1
 no ip address
 shutdown
 duplex auto
 speed auto
 media-type rj45
!
interface GigabitEthernet0/2
 no ip address
 shutdown
 duplex auto
 speed auto
 media-type rj45
!
interface GigabitEthernet0/3
 no ip address
 duplex auto
 speed auto
 media-type rj45
 ipv6 address 2001:DB8:CAFE:1::500/64
 ipv6 enable
 ipv6 dhcp server example.com
!
ip forward-protocol nd
!
!
no ip http server
no ip http secure-server
ip dns server
ip dns primary example.com soa ns1.example.com admin.example.com 21600 900 7776000 86400
ip ssh version 2
ip ssh pubkey-chain
  username cesar
   key-hash ssh-rsa 0BDCD1C9D77226E8F85FA3F43ADDE159 cesar@ns1.example.com
ip ssh server algorithm authentication keyboard password publickey
!
ipv6 ioam timestamp
!
!
!
control-plane
!
banner exec ^C
**************************************************************************
* IOSv is strictly limited to use for evaluation, demonstration and IOS  *
* education. IOSv is provided as-is and is not supported by Cisco's      *
* Technical Advisory Center. Any use or disclosure, in whole or in part, *
* of the IOSv Software or Documentation to any third party for any       *
* purposes is expressly prohibited except as otherwise authorized by     *
* Cisco in writing.                                                      *
**************************************************************************^C
banner incoming ^C
**************************************************************************
* IOSv is strictly limited to use for evaluation, demonstration and IOS  *
* education. IOSv is provided as-is and is not supported by Cisco's      *
* Technical Advisory Center. Any use or disclosure, in whole or in part, *
* of the IOSv Software or Documentation to any third party for any       *
* purposes is expressly prohibited except as otherwise authorized by     *
* Cisco in writing.                                                      *
**************************************************************************^C
banner login ^C
**************************************************************************
* IOSv is strictly limited to use for evaluation, demonstration and IOS  *
* education. IOSv is provided as-is and is not supported by Cisco's      *
* Technical Advisory Center. Any use or disclosure, in whole or in part, *
* of the IOSv Software or Documentation to any third party for any       *
* purposes is expressly prohibited except as otherwise authorized by     *
* Cisco in writing.                                                      *
**************************************************************************^C
!
line con 0
 exec-timeout 0 0
 privilege level 15
 logging synchronous
line aux 0
 exec-timeout 0 0
 privilege level 15
 logging synchronous
line vty 0 4
 logging synchronous
 login local
 transport input telnet ssh
!
no scheduler allocate
!
end

DNSv6#
DNSv6#
DEBUG:netmiko:read_channel: 
DEBUG:netmiko:read_channel: 
DEBUG:netmiko:write_channel: b'exit\n'
DEBUG:paramiko.transport:starting thread (client mode): 0x73413c10
DEBUG:paramiko.transport:Local version/idstring: SSH-2.0-paramiko_2.7.2
DEBUG:paramiko.transport:Remote version/idstring: SSH-2.0-Cisco-1.25
INFO:paramiko.transport:Connected (version 2.0, client Cisco-1.25)
DEBUG:paramiko.transport:kex algos:['diffie-hellman-group-exchange-sha1', 'diffie-hellman-group14-sha1'] server key:['ssh-rsa'] client encrypt:['aes128-ctr', 'aes192-ctr', 'aes256-ctr'] server encrypt:['aes128-ctr', 'aes192-ctr', 'aes256-ctr'] client mac:['hmac-sha2-256', 'hmac-sha2-512', 'hmac-sha1', 'hmac-sha1-96'] server mac:['hmac-sha2-256', 'hmac-sha2-512', 'hmac-sha1', 'hmac-sha1-96'] client compress:['none'] server compress:['none'] client lang:[''] server lang:[''] kex follows?False
DEBUG:paramiko.transport:Kex agreed: diffie-hellman-group-exchange-sha1
DEBUG:paramiko.transport:HostKey agreed: ssh-rsa
DEBUG:paramiko.transport:Cipher agreed: aes128-ctr
DEBUG:paramiko.transport:MAC agreed: hmac-sha2-256
DEBUG:paramiko.transport:Compression agreed: none
DEBUG:paramiko.transport:Got server p (2048 bits)
DEBUG:paramiko.transport:kex engine KexGex specified hash_algo <built-in function openssl_sha1>
DEBUG:paramiko.transport:Switch to new keys ...
DEBUG:paramiko.transport:Adding ssh-rsa host key for ns1.example.com: b'caebef3c42708042caa27daeffc6570d'
DEBUG:paramiko.transport:Trying discovered key b'0bdcd1c9d77226e8f85fa3f43adde159' in /home/kali/.ssh/ns1.example.com_id_rsa
DEBUG:paramiko.transport:userauth is OK
INFO:paramiko.transport:Auth banner: b"\r\n**************************************************************************\r\n* IOSv is strictly limited to use for evaluation, demonstration and IOS  *\r\n* education. IOSv is provided as-is and is not supported by Cisco's      *\r\n* Technical Advisory Center. Any use or disclosure, in whole or in part, *\r\n* of the IOSv Software or Documentation to any third party for any       *\r\n* purposes is expressly prohibited except as otherwise authorized by     *\r\n* Cisco in writing.                                                      *\r\n**************************************************************************"
INFO:paramiko.transport:Authentication (publickey) successful!
DEBUG:paramiko.transport:[chan 0] Max packet in: 32768 bytes
DEBUG:paramiko.transport:[chan 0] Max packet out: 4096 bytes
DEBUG:paramiko.transport:Secsh channel 0 opened.
DEBUG:paramiko.transport:[chan 0] Sesch channel 0 request ok
DEBUG:paramiko.transport:[chan 0] Sesch channel 0 request ok
DEBUG:netmiko:write_channel: b'terminal width 511\n'
DEBUG:netmiko:Pattern is: terminal width 511
DEBUG:netmiko:_read_channel_expect read_data: 
**************************************************************************
* IOSv is strictly limited to use for evaluation, demonstration and IOS  *
* education. IOSv is provided as-is and is not supported by Cisco's      *
* Technical Advisory Center. Any use or disclosure, in whole or in part, *
* of the IOSv Software or Documentation to any third party for any       *
* purposes is expressly prohibited except as otherwise authorized by     *
* Cisco in writing.                                                      *
**************************************************************************
DNSv6#
DEBUG:netmiko:_read_channel_expect read_data: terminal width 511
DNSv6#
DEBUG:netmiko:Pattern found: terminal width 511 
**************************************************************************
* IOSv is strictly limited to use for evaluation, demonstration and IOS  *
* education. IOSv is provided as-is and is not supported by Cisco's      *
* Technical Advisory Center. Any use or disclosure, in whole or in part, *
* of the IOSv Software or Documentation to any third party for any       *
* purposes is expressly prohibited except as otherwise authorized by     *
* Cisco in writing.                                                      *
**************************************************************************
DNSv6#terminal width 511
DNSv6#
DEBUG:netmiko:In disable_paging
DEBUG:netmiko:Command: terminal length 0

DEBUG:netmiko:write_channel: b'terminal length 0\n'
DEBUG:netmiko:Pattern is: terminal\ length\ 0
DEBUG:netmiko:_read_channel_expect read_data: t
DEBUG:netmiko:_read_channel_expect read_data: erminal length 0
DNSv6#
DEBUG:netmiko:Pattern found: terminal\ length\ 0 terminal length 0
DNSv6#
DEBUG:netmiko:terminal length 0
DNSv6#
DEBUG:netmiko:Exiting disable_paging
DEBUG:netmiko:read_channel: 
DEBUG:netmiko:write_channel: b'\n'
DEBUG:netmiko:read_channel: 
DNSv6#
DEBUG:netmiko:read_channel: 
DEBUG:netmiko:[find_prompt()]: prompt is DNSv6#
DEBUG:netmiko:write_channel: b'\n'
DEBUG:netmiko:Pattern is: DNSv6
DEBUG:netmiko:_read_channel_expect read_data: 

DEBUG:netmiko:_read_channel_expect read_data: DNSv6#
DEBUG:netmiko:Pattern found: DNSv6 
DNSv6#
DEBUG:netmiko:write_channel: b'show running-config \n'
DEBUG:netmiko:write_channel: b'\n'
DEBUG:netmiko:read_channel: show running-config 
Building configuration...

DEBUG:netmiko:read_channel: 
Current configuration : 4124 bytes
!
! Last configuration change at 06:16:51 UTC Fri Sep 17 2021 by cesar
!
version 15.7
service timestamps debug datetime msec
service timestamps log datetime msec
no service password-encryption
!
hostname DNSv6
!
boot-start-marker
boot-end-marker
!
!
!
no aaa new-model
!
!
!
mmi polling-interval 60
no mmi auto-configure
no mmi pvc
mmi snmp-timeout 180
!
!
!
!
!
no ip icmp rate-limit unreachable
!
!
!
!
!
!
no ip domain lookup
ip domain name example.com
ip host ns1.example.com 2001:DB8:CAFE:1::500
ip host r1.example.com 2001:DB8:CAFE:1::1 2001:DB8:CAFE::1
ip host sw1.example.com 2001:DB8:CAFE::100
ip host sw2.example.com 2001:DB8:CAFE:1::100
ip host r15.example.com 2001:DB8:CAFE:1::1500
ip host r2.example.com 2001:DB8:CAFE:2::1
ip host r3.example.com 2001:DB8:CAFE:3::1
ip host r4.example.com 2001:DB8:CAFE:4::1
ip host r5.example.com 2001:DB8:CAFE:5::1
ip cef
no ipv6 cef
ipv6 dhcp pool example.com
 dns-server 2001:DB8:CAFE:1::500
!
!
multilink bundle-name authenticated
!
!
!
!
username cesar privilege 15 secret 5 $1$ySxB$UVcFsfDJ7NqR6pUn563lN.
!
redundancy
!
no cdp log mismatch duplex
!
ip tcp synwait-time 5
! 
!
!
!
!
!
!
!
!
!
!
!
!
interface GigabitEthernet0/0
 no ip address
 shutdown
 duplex auto
 speed auto
 media-type rj45
!
interface GigabitEthernet0/1
 no ip address
 shutdown
 duplex auto
 speed auto
 media-type rj45
!
interface GigabitEthernet0/2
 no ip address
 shutdown
 duplex auto
 speed auto
 media-type rj45
!
interface GigabitEthernet0/3
 no ip address
 duplex auto
 speed auto
 media-type rj45
 ipv6 address 2001:DB8:CAFE:1::500/64
 ipv6 enable
 ipv6 dhcp server example.com
!
ip forward-protocol nd
!
!
no ip http server
no ip http secure-server
ip dns server
ip dns primary example.com soa ns1.example.com admin.example.com 21600 900 7776000 86400
ip ssh version 2
ip ssh pubkey-chain
  username cesar
   key-hash ssh-rsa 0BDCD1C9D77226E8F85FA3F43ADDE159 cesar@ns1.example.com
ip ssh server algorithm authentication keyboard password publickey
!
ipv6 ioam timestamp
!
!
!
control-plane
!
banner exec ^C
**************************************************************************
* IOSv is strictly limited to use for evaluation, demonstration and IOS  *
* education. IOSv is provided as-is and is not supported by Cisco's      *
* Technical Advisory Center. Any use or disclosure, in whole or in part, *
* of the IOSv Software or Documentation to any third party for any       *
* purposes is expressly prohibited except as otherwise authorized by     *
* Cisco in writing.                                                      *
**************************************************************************^C
banner incoming ^C
**************************************************************************
* IOSv is strictly limited to use for evaluation, demonstration and IOS  *
* education. IOSv is provided as-is and is not supported by Cisco's      *
* Technical Advisory Center. Any use or disclosure, in whole or in part, *
* of the IOSv Software or Documentation to any third party for any       *
* purposes is expressly prohibited except as otherwise authorized by     *
* Cisco in writing.                                                      *
**************************************************************************^C
banner login ^C
**************************************************************************
* IOSv is strictly limited to use for evaluation, demonstration and IOS  *
* education. IOSv is provided as-is and is not supported by Cisco's      *
* Technical Advisory Center. Any use or disclosure, in whole or in part, *
* of the IOSv Software or Documentation to any third party for any       *
* purposes is expressly prohibited except as otherwise authorized by     *
* Cisco in writing.                                                      *
**************************************************************************^C
!
line con 0
 exec-timeout 0 0
 privilege level 15
 logging synchronous
line aux 0
 exec-timeout 0 0
 privilege level 15
 logging synchronous
line vty 0 4
 logging synchronous
 login local
 transport input telnet ssh
!
no scheduler allocate
!
end

DNSv6#
DNSv6#
DEBUG:netmiko:read_channel: 
DEBUG:netmiko:read_channel: 
DEBUG:netmiko:write_channel: b'exit\n'
DEBUG:paramiko.transport:starting thread (client mode): 0x86ec3c10
DEBUG:paramiko.transport:Local version/idstring: SSH-2.0-paramiko_2.7.2
DEBUG:paramiko.transport:Remote version/idstring: SSH-2.0-Cisco-1.25
INFO:paramiko.transport:Connected (version 2.0, client Cisco-1.25)
DEBUG:paramiko.transport:kex algos:['diffie-hellman-group-exchange-sha1', 'diffie-hellman-group14-sha1'] server key:['ssh-rsa'] client encrypt:['aes128-ctr', 'aes192-ctr', 'aes256-ctr'] server encrypt:['aes128-ctr', 'aes192-ctr', 'aes256-ctr'] client mac:['hmac-sha2-256', 'hmac-sha2-512', 'hmac-sha1', 'hmac-sha1-96'] server mac:['hmac-sha2-256', 'hmac-sha2-512', 'hmac-sha1', 'hmac-sha1-96'] client compress:['none'] server compress:['none'] client lang:[''] server lang:[''] kex follows?False
DEBUG:paramiko.transport:Kex agreed: diffie-hellman-group-exchange-sha1
DEBUG:paramiko.transport:HostKey agreed: ssh-rsa
DEBUG:paramiko.transport:Cipher agreed: aes128-ctr
DEBUG:paramiko.transport:MAC agreed: hmac-sha2-256
DEBUG:paramiko.transport:Compression agreed: none
DEBUG:paramiko.transport:Got server p (2048 bits)
DEBUG:paramiko.transport:kex engine KexGex specified hash_algo <built-in function openssl_sha1>
DEBUG:paramiko.transport:Switch to new keys ...
DEBUG:paramiko.transport:Adding ssh-rsa host key for ns1.example.com: b'066b6065a7d8b9ccb566e4cc7dc252bf'
DEBUG:paramiko.transport:starting thread (client mode): 0xd8f4c10
DEBUG:paramiko.transport:Local version/idstring: SSH-2.0-paramiko_2.7.2
DEBUG:paramiko.transport:Remote version/idstring: SSH-2.0-Cisco-1.25
INFO:paramiko.transport:Connected (version 2.0, client Cisco-1.25)
DEBUG:paramiko.transport:kex algos:['diffie-hellman-group-exchange-sha1', 'diffie-hellman-group14-sha1'] server key:['ssh-rsa'] client encrypt:['aes128-ctr', 'aes192-ctr', 'aes256-ctr'] server encrypt:['aes128-ctr', 'aes192-ctr', 'aes256-ctr'] client mac:['hmac-sha2-256', 'hmac-sha2-512', 'hmac-sha1', 'hmac-sha1-96'] server mac:['hmac-sha2-256', 'hmac-sha2-512', 'hmac-sha1', 'hmac-sha1-96'] client compress:['none'] server compress:['none'] client lang:[''] server lang:[''] kex follows?False
DEBUG:paramiko.transport:Kex agreed: diffie-hellman-group-exchange-sha1
DEBUG:paramiko.transport:HostKey agreed: ssh-rsa
DEBUG:paramiko.transport:Cipher agreed: aes128-ctr
DEBUG:paramiko.transport:MAC agreed: hmac-sha2-256
DEBUG:paramiko.transport:Compression agreed: none
DEBUG:paramiko.transport:Got server p (2048 bits)
DEBUG:paramiko.transport:kex engine KexGex specified hash_algo <built-in function openssl_sha1>
DEBUG:paramiko.transport:Switch to new keys ...
DEBUG:paramiko.transport:Adding ssh-rsa host key for ns1.example.com: b'567f08fe17d0ac20c5db5af3af071068'
DEBUG:paramiko.transport:EOF in transport thread
DEBUG:paramiko.transport:starting thread (client mode): 0xf1bc0c10
DEBUG:paramiko.transport:Local version/idstring: SSH-2.0-paramiko_2.7.2
DEBUG:paramiko.transport:Remote version/idstring: SSH-2.0-Cisco-1.25
INFO:paramiko.transport:Connected (version 2.0, client Cisco-1.25)
DEBUG:paramiko.transport:kex algos:['diffie-hellman-group-exchange-sha1', 'diffie-hellman-group14-sha1'] server key:['ssh-rsa'] client encrypt:['aes128-ctr', 'aes192-ctr', 'aes256-ctr'] server encrypt:['aes128-ctr', 'aes192-ctr', 'aes256-ctr'] client mac:['hmac-sha2-256', 'hmac-sha2-512', 'hmac-sha1', 'hmac-sha1-96'] server mac:['hmac-sha2-256', 'hmac-sha2-512', 'hmac-sha1', 'hmac-sha1-96'] client compress:['none'] server compress:['none'] client lang:[''] server lang:[''] kex follows?False
DEBUG:paramiko.transport:Kex agreed: diffie-hellman-group-exchange-sha1
DEBUG:paramiko.transport:HostKey agreed: ssh-rsa
DEBUG:paramiko.transport:Cipher agreed: aes128-ctr
DEBUG:paramiko.transport:MAC agreed: hmac-sha2-256
DEBUG:paramiko.transport:Compression agreed: none
DEBUG:paramiko.transport:Got server p (2048 bits)
DEBUG:paramiko.transport:kex engine KexGex specified hash_algo <built-in function openssl_sha1>
DEBUG:paramiko.transport:Switch to new keys ...
DEBUG:paramiko.transport:Adding ssh-rsa host key for ns1.example.com: b'6016b5671d0b9cd20a52fbc175888152'
DEBUG:paramiko.transport:starting thread (client mode): 0xfb74fc10
DEBUG:paramiko.transport:Local version/idstring: SSH-2.0-paramiko_2.7.2
DEBUG:paramiko.transport:Remote version/idstring: SSH-2.0-Cisco-1.25
INFO:paramiko.transport:Connected (version 2.0, client Cisco-1.25)
DEBUG:paramiko.transport:kex algos:['diffie-hellman-group-exchange-sha1', 'diffie-hellman-group14-sha1'] server key:['ssh-rsa'] client encrypt:['aes128-ctr', 'aes192-ctr', 'aes256-ctr'] server encrypt:['aes128-ctr', 'aes192-ctr', 'aes256-ctr'] client mac:['hmac-sha2-256', 'hmac-sha2-512', 'hmac-sha1', 'hmac-sha1-96'] server mac:['hmac-sha2-256', 'hmac-sha2-512', 'hmac-sha1', 'hmac-sha1-96'] client compress:['none'] server compress:['none'] client lang:[''] server lang:[''] kex follows?False
DEBUG:paramiko.transport:Kex agreed: diffie-hellman-group-exchange-sha1
DEBUG:paramiko.transport:HostKey agreed: ssh-rsa
DEBUG:paramiko.transport:Cipher agreed: aes128-ctr
DEBUG:paramiko.transport:MAC agreed: hmac-sha2-256
DEBUG:paramiko.transport:Compression agreed: none
DEBUG:paramiko.transport:Got server p (2048 bits)
DEBUG:paramiko.transport:kex engine KexGex specified hash_algo <built-in function openssl_sha1>
DEBUG:paramiko.transport:Switch to new keys ...
DEBUG:paramiko.transport:Adding ssh-rsa host key for ns1.example.com: b'a308e2ed2fe428a134785a6d1ef3a486'
DEBUG:paramiko.transport:starting thread (client mode): 0xd0807c10
DEBUG:paramiko.transport:Local version/idstring: SSH-2.0-paramiko_2.7.2
DEBUG:paramiko.transport:Remote version/idstring: SSH-2.0-Cisco-1.25
INFO:paramiko.transport:Connected (version 2.0, client Cisco-1.25)
DEBUG:paramiko.transport:kex algos:['diffie-hellman-group-exchange-sha1', 'diffie-hellman-group14-sha1'] server key:['ssh-rsa'] client encrypt:['aes128-ctr', 'aes192-ctr', 'aes256-ctr'] server encrypt:['aes128-ctr', 'aes192-ctr', 'aes256-ctr'] client mac:['hmac-sha2-256', 'hmac-sha2-512', 'hmac-sha1', 'hmac-sha1-96'] server mac:['hmac-sha2-256', 'hmac-sha2-512', 'hmac-sha1', 'hmac-sha1-96'] client compress:['none'] server compress:['none'] client lang:[''] server lang:[''] kex follows?False
DEBUG:paramiko.transport:Kex agreed: diffie-hellman-group-exchange-sha1
DEBUG:paramiko.transport:HostKey agreed: ssh-rsa
DEBUG:paramiko.transport:Cipher agreed: aes128-ctr
DEBUG:paramiko.transport:MAC agreed: hmac-sha2-256
DEBUG:paramiko.transport:Compression agreed: none
DEBUG:paramiko.transport:Got server p (2048 bits)
DEBUG:paramiko.transport:kex engine KexGex specified hash_algo <built-in function openssl_sha1>
DEBUG:paramiko.transport:Switch to new keys ...
DEBUG:paramiko.transport:Adding ssh-rsa host key for ns1.example.com: b'4367336d843a50dc0a98e3f812ecc09c'
DEBUG:paramiko.transport:EOF in transport thread
DEBUG:paramiko.transport:starting thread (client mode): 0xef881c10
DEBUG:paramiko.transport:Local version/idstring: SSH-2.0-paramiko_2.7.2
DEBUG:paramiko.transport:Remote version/idstring: SSH-2.0-Cisco-1.25
INFO:paramiko.transport:Connected (version 2.0, client Cisco-1.25)
DEBUG:paramiko.transport:kex algos:['diffie-hellman-group-exchange-sha1', 'diffie-hellman-group14-sha1'] server key:['ssh-rsa'] client encrypt:['aes128-ctr', 'aes192-ctr', 'aes256-ctr'] server encrypt:['aes128-ctr', 'aes192-ctr', 'aes256-ctr'] client mac:['hmac-sha2-256', 'hmac-sha2-512', 'hmac-sha1', 'hmac-sha1-96'] server mac:['hmac-sha2-256', 'hmac-sha2-512', 'hmac-sha1', 'hmac-sha1-96'] client compress:['none'] server compress:['none'] client lang:[''] server lang:[''] kex follows?False
DEBUG:paramiko.transport:Kex agreed: diffie-hellman-group-exchange-sha1
DEBUG:paramiko.transport:HostKey agreed: ssh-rsa
DEBUG:paramiko.transport:Cipher agreed: aes128-ctr
DEBUG:paramiko.transport:MAC agreed: hmac-sha2-256
DEBUG:paramiko.transport:Compression agreed: none
DEBUG:paramiko.transport:Got server p (2048 bits)
DEBUG:paramiko.transport:kex engine KexGex specified hash_algo <built-in function openssl_sha1>
DEBUG:paramiko.transport:Switch to new keys ...
DEBUG:paramiko.transport:Adding ssh-rsa host key for ns1.example.com: b'5d8ebb2eff206284f3e9c94a1ee990d7'
DEBUG:paramiko.transport:starting thread (client mode): 0x77748c10
DEBUG:paramiko.transport:Local version/idstring: SSH-2.0-paramiko_2.7.2
DEBUG:paramiko.transport:Remote version/idstring: SSH-2.0-Cisco-1.25
INFO:paramiko.transport:Connected (version 2.0, client Cisco-1.25)
DEBUG:paramiko.transport:kex algos:['diffie-hellman-group-exchange-sha1', 'diffie-hellman-group14-sha1'] server key:['ssh-rsa'] client encrypt:['aes128-ctr', 'aes192-ctr', 'aes256-ctr'] server encrypt:['aes128-ctr', 'aes192-ctr', 'aes256-ctr'] client mac:['hmac-sha2-256', 'hmac-sha2-512', 'hmac-sha1', 'hmac-sha1-96'] server mac:['hmac-sha2-256', 'hmac-sha2-512', 'hmac-sha1', 'hmac-sha1-96'] client compress:['none'] server compress:['none'] client lang:[''] server lang:[''] kex follows?False
DEBUG:paramiko.transport:Kex agreed: diffie-hellman-group-exchange-sha1
DEBUG:paramiko.transport:HostKey agreed: ssh-rsa
DEBUG:paramiko.transport:Cipher agreed: aes128-ctr
DEBUG:paramiko.transport:MAC agreed: hmac-sha2-256
DEBUG:paramiko.transport:Compression agreed: none
DEBUG:paramiko.transport:Got server p (2048 bits)
DEBUG:paramiko.transport:kex engine KexGex specified hash_algo <built-in function openssl_sha1>
DEBUG:paramiko.transport:Switch to new keys ...
DEBUG:paramiko.transport:Adding ssh-rsa host key for ns1.example.com: b'5d8ebb2eff206284f3e9c94a1ee990d7'
DEBUG:paramiko.transport:Trying discovered key b'408f9e51053198002160c9c9280b5311' in /home/kali/.ssh/ns1.example.com_id_rsa
DEBUG:paramiko.transport:userauth is OK
INFO:paramiko.transport:Auth banner: b"\r\n**************************************************************************\r\n* IOSv is strictly limited to use for evaluation, demonstration and IOS  *\r\n* education. IOSv is provided as-is and is not supported by Cisco's      *\r\n* Technical Advisory Center. Any use or disclosure, in whole or in part, *\r\n* of the IOSv Software or Documentation to any third party for any       *\r\n* purposes is expressly prohibited except as otherwise authorized by     *\r\n* Cisco in writing.                                                      *\r\n**************************************************************************"
INFO:paramiko.transport:Authentication (publickey) successful!
DEBUG:paramiko.transport:[chan 0] Max packet in: 32768 bytes
DEBUG:paramiko.transport:[chan 0] Max packet out: 4096 bytes
DEBUG:paramiko.transport:Secsh channel 0 opened.
DEBUG:paramiko.transport:[chan 0] Sesch channel 0 request ok
DEBUG:paramiko.transport:[chan 0] Sesch channel 0 request ok
DEBUG:netmiko:write_channel: b'terminal width 511\n'
DEBUG:netmiko:Pattern is: terminal width 511
DEBUG:netmiko:_read_channel_expect read_data: 
**************************************************************************
* IOSv is strictly limited to use for evaluation, demonstration and IOS  *
* education. IOSv is provided as-is and is not supported by Cisco's      *
* Technical Advisory Center. Any use or disclosure, in whole or in part, *
* of the IOSv Software or Documentation to any third party for any       *
* purposes is expressly prohibited except as otherwise authorized by     *
* Cisco in writing.                                                      *
**************************************************************************
DNSv6#
DEBUG:netmiko:_read_channel_expect read_data: terminal width
DEBUG:netmiko:_read_channel_expect read_data:  511
DNSv6#
DEBUG:netmiko:Pattern found: terminal width 511 
**************************************************************************
* IOSv is strictly limited to use for evaluation, demonstration and IOS  *
* education. IOSv is provided as-is and is not supported by Cisco's      *
* Technical Advisory Center. Any use or disclosure, in whole or in part, *
* of the IOSv Software or Documentation to any third party for any       *
* purposes is expressly prohibited except as otherwise authorized by     *
* Cisco in writing.                                                      *
**************************************************************************
DNSv6#terminal width 511
DNSv6#
DEBUG:netmiko:In disable_paging
DEBUG:netmiko:Command: terminal length 0

DEBUG:netmiko:write_channel: b'terminal length 0\n'
DEBUG:netmiko:Pattern is: terminal\ length\ 0
DEBUG:netmiko:_read_channel_expect read_data: t
DEBUG:netmiko:_read_channel_expect read_data: erminal length 0
DNSv6#
DEBUG:netmiko:Pattern found: terminal\ length\ 0 terminal length 0
DNSv6#
DEBUG:netmiko:terminal length 0
DNSv6#
DEBUG:netmiko:Exiting disable_paging
DEBUG:netmiko:read_channel: 
DEBUG:netmiko:write_channel: b'\n'
DEBUG:netmiko:read_channel: 
DNSv6#
DEBUG:netmiko:read_channel: 
DEBUG:netmiko:[find_prompt()]: prompt is DNSv6#
DEBUG:netmiko:write_channel: b'\n'
DEBUG:netmiko:Pattern is: DNSv6
DEBUG:netmiko:_read_channel_expect read_data: 

DEBUG:netmiko:_read_channel_expect read_data: DNSv6#
DEBUG:netmiko:Pattern found: DNSv6 
DNSv6#
DEBUG:netmiko:write_channel: b'show running-config \n'
DEBUG:netmiko:write_channel: b'\n'
DEBUG:netmiko:read_channel: show running-config 
Building configuration...

DEBUG:netmiko:read_channel: 
Current configuration : 4124 bytes
!
! Last configuration change at 07:05:19 UTC Fri Sep 17 2021 by cesar
!
version 15.7
service timestamps debug datetime msec
service timestamps log datetime msec
no service password-encryption
!
hostname DNSv6
!
boot-start-marker
boot-end-marker
!
!
!
no aaa new-model
!
!
!
mmi polling-interval 60
no mmi auto-configure
no mmi pvc
mmi snmp-timeout 180
!
!
!
!
!
no ip icmp rate-limit unreachable
!
!
!
!
!
!
no ip domain lookup
ip domain name example.com
ip host ns1.example.com 2001:DB8:CAFE:1::500
ip host r1.example.com 2001:DB8:CAFE:1::1 2001:DB8:CAFE::1
ip host sw1.example.com 2001:DB8:CAFE::100
ip host sw2.example.com 2001:DB8:CAFE:1::100
ip host r15.example.com 2001:DB8:CAFE:1::1500
ip host r2.example.com 2001:DB8:CAFE:2::1
ip host r3.example.com 2001:DB8:CAFE:3::1
ip host r4.example.com 2001:DB8:CAFE:4::1
ip host r5.example.com 2001:DB8:CAFE:5::1
ip cef
no ipv6 cef
ipv6 dhcp pool example.com
 dns-server 2001:DB8:CAFE:1::500
!
!
multilink bundle-name authenticated
!
!
!
!
username cesar privilege 15 secret 5 $1$ySxB$UVcFsfDJ7NqR6pUn563lN.
!
redundancy
!
no cdp log mismatch duplex
!
ip tcp synwait-time 5
! 
!
!
!
!
!
!
!
!
!
!
!
!
interface GigabitEthernet0/0
 no ip address
 shutdown
 duplex auto
 speed auto
 media-type rj45
!
interface GigabitEthernet0/1
 no ip address
 shutdown
 duplex auto
 speed auto
 media-type rj45
!
interface GigabitEthernet0/2
 no ip address
 shutdown
 duplex auto
 speed auto
 media-type rj45
!
interface GigabitEthernet0/3
 no ip address
 duplex auto
 speed auto
 media-type rj45
 ipv6 address 2001:DB8:CAFE:1::500/64
 ipv6 enable
 ipv6 dhcp server example.com
!
ip forward-protocol nd
!
!
no ip http server
no ip http secure-server
ip dns server
ip dns primary example.com soa ns1.example.com admin.example.com 21600 900 7776000 86400
ip ssh version 2
ip ssh pubkey-chain
  username cesar
   key-hash ssh-rsa 408F9E51053198002160C9C9280B5311 cesar@ns1.example.com
ip ssh server algorithm authentication keyboard password publickey
!
ipv6 ioam timestamp
!
!
!
control-plane
!
banner exec ^C
**************************************************************************
* IOSv is strictly limited to use for evaluation, demonstration and IOS  *
* education. IOSv is provided as-is and is not supported by Cisco's      *
* Technical Advisory Center. Any use or disclosure, in whole or in part, *
* of the IOSv Software or Documentation to any third party for any       *
* purposes is expressly prohibited except as otherwise authorized by     *
* Cisco in writing.                                                      *
**************************************************************************^C
banner incoming ^C
**************************************************************************
* IOSv is strictly limited to use for evaluation, demonstration and IOS  *
* education. IOSv is provided as-is and is not supported by Cisco's      *
* Technical Advisory Center. Any use or disclosure, in whole or in part, *
* of the IOSv Software or Documentation to any third party for any       *
* purposes is expressly prohibited except as otherwise authorized by     *
* Cisco in writing.                                                      *
**************************************************************************^C
banner login ^C
**************************************************************************
* IOSv is strictly limited to use for evaluation, demonstration and IOS  *
* education. IOSv is provided as-is and is not supported by Cisco's      *
* Technical Advisory Center. Any use or disclosure, in whole or in part, *
* of the IOSv Software or Documentation to any third party for any       *
* purposes is expressly prohibited except as otherwise authorized by     *
* Cisco in writing.                                                      *
**************************************************************************^C
!
line con 0
 exec-timeout 0 0
 privilege level 15
 logging synchronous
line aux 0
 exec-timeout 0 0
 privilege level 15
 logging synchronous
line vty 0 4
 logging synchronous
 login local
 transport input telnet ssh
!
no scheduler allocate
!
end

DNSv6#
DNSv6#
DEBUG:netmiko:read_channel: 
DEBUG:netmiko:read_channel: 
DEBUG:netmiko:write_channel: b'exit\n'
DEBUG:paramiko.transport:starting thread (client mode): 0xf3010c10
DEBUG:paramiko.transport:Local version/idstring: SSH-2.0-paramiko_2.7.2
DEBUG:paramiko.transport:Remote version/idstring: SSH-2.0-Cisco-1.25
INFO:paramiko.transport:Connected (version 2.0, client Cisco-1.25)
DEBUG:paramiko.transport:kex algos:['diffie-hellman-group-exchange-sha1', 'diffie-hellman-group14-sha1'] server key:['ssh-rsa'] client encrypt:['aes128-ctr', 'aes192-ctr', 'aes256-ctr'] server encrypt:['aes128-ctr', 'aes192-ctr', 'aes256-ctr'] client mac:['hmac-sha2-256', 'hmac-sha2-512', 'hmac-sha1', 'hmac-sha1-96'] server mac:['hmac-sha2-256', 'hmac-sha2-512', 'hmac-sha1', 'hmac-sha1-96'] client compress:['none'] server compress:['none'] client lang:[''] server lang:[''] kex follows?False
DEBUG:paramiko.transport:Kex agreed: diffie-hellman-group-exchange-sha1
DEBUG:paramiko.transport:HostKey agreed: ssh-rsa
DEBUG:paramiko.transport:Cipher agreed: aes128-ctr
DEBUG:paramiko.transport:MAC agreed: hmac-sha2-256
DEBUG:paramiko.transport:Compression agreed: none
DEBUG:paramiko.transport:Got server p (2048 bits)
DEBUG:paramiko.transport:kex engine KexGex specified hash_algo <built-in function openssl_sha1>
DEBUG:paramiko.transport:Switch to new keys ...
DEBUG:paramiko.transport:Adding ssh-rsa host key for ns1.example.com: b'a51358f8fa9d1387f97113729719ca59'
DEBUG:paramiko.transport:Trying discovered key b'705f0114d794eef9b22e83365cad72f4' in /home/kali/.ssh/ns1.example.com_id_rsa
DEBUG:paramiko.transport:userauth is OK
INFO:paramiko.transport:Auth banner: b"\r\n**************************************************************************\r\n* IOSv is strictly limited to use for evaluation, demonstration and IOS  *\r\n* education. IOSv is provided as-is and is not supported by Cisco's      *\r\n* Technical Advisory Center. Any use or disclosure, in whole or in part, *\r\n* of the IOSv Software or Documentation to any third party for any       *\r\n* purposes is expressly prohibited except as otherwise authorized by     *\r\n* Cisco in writing.                                                      *\r\n**************************************************************************"
INFO:paramiko.transport:Authentication (publickey) successful!
DEBUG:paramiko.transport:[chan 0] Max packet in: 32768 bytes
DEBUG:paramiko.transport:[chan 0] Max packet out: 4096 bytes
DEBUG:paramiko.transport:Secsh channel 0 opened.
DEBUG:paramiko.transport:[chan 0] Sesch channel 0 request ok
DEBUG:paramiko.transport:[chan 0] Sesch channel 0 request ok
DEBUG:netmiko:write_channel: b'terminal width 511\n'
DEBUG:netmiko:Pattern is: terminal width 511
DEBUG:netmiko:_read_channel_expect read_data: 
**************************************************************************
* IOSv is strictly limited to use for evaluation, demonstration and IOS  *
* education. IOSv is provided as-is and is not supported by Cisco's      *
* Technical Advisory Center. Any use or disclosure, in whole or in part, *
* of the IOSv Software or Documentation to any third party for any       *
* purposes is expressly prohibited except as otherwise authorized by     *
* Cisco in writing.                                                      *
**************************************************************************
DNSv6#
DEBUG:netmiko:_read_channel_expect read_data: terminal width 511
DNSv6#
DEBUG:netmiko:Pattern found: terminal width 511 
**************************************************************************
* IOSv is strictly limited to use for evaluation, demonstration and IOS  *
* education. IOSv is provided as-is and is not supported by Cisco's      *
* Technical Advisory Center. Any use or disclosure, in whole or in part, *
* of the IOSv Software or Documentation to any third party for any       *
* purposes is expressly prohibited except as otherwise authorized by     *
* Cisco in writing.                                                      *
**************************************************************************
DNSv6#terminal width 511
DNSv6#
DEBUG:netmiko:In disable_paging
DEBUG:netmiko:Command: terminal length 0

DEBUG:netmiko:write_channel: b'terminal length 0\n'
DEBUG:netmiko:Pattern is: terminal\ length\ 0
DEBUG:netmiko:_read_channel_expect read_data: t
DEBUG:netmiko:_read_channel_expect read_data: erminal length 0
DNSv6#
DEBUG:netmiko:Pattern found: terminal\ length\ 0 terminal length 0
DNSv6#
DEBUG:netmiko:terminal length 0
DNSv6#
DEBUG:netmiko:Exiting disable_paging
DEBUG:netmiko:read_channel: 
DEBUG:netmiko:write_channel: b'\n'
DEBUG:netmiko:read_channel: 
DNSv6#
DEBUG:netmiko:read_channel: 
DEBUG:netmiko:[find_prompt()]: prompt is DNSv6#
DEBUG:netmiko:write_channel: b'\n'
DEBUG:netmiko:Pattern is: DNSv6
DEBUG:netmiko:_read_channel_expect read_data: 

DEBUG:netmiko:_read_channel_expect read_data: DNSv6#
DEBUG:netmiko:Pattern found: DNSv6 
DNSv6#
DEBUG:netmiko:write_channel: b'show running-config \n'
DEBUG:netmiko:write_channel: b'\n'
DEBUG:netmiko:read_channel: show running-config 
Building configuration...

DEBUG:netmiko:read_channel: 
Current configuration : 4124 bytes
!
! Last configuration change at 07:17:13 UTC Fri Sep 17 2021 by cesar
!
version 15.7
service timestamps debug datetime msec
service timestamps log datetime msec
no service password-encryption
!
hostname DNSv6
!
boot-start-marker
boot-end-marker
!
!
!
no aaa new-model
!
!
!
mmi polling-interval 60
no mmi auto-configure
no mmi pvc
mmi snmp-timeout 180
!
!
!
!
!
no ip icmp rate-limit unreachable
!
!
!
!
!
!
no ip domain lookup
ip domain name example.com
ip host ns1.example.com 2001:DB8:CAFE:1::500
ip host r1.example.com 2001:DB8:CAFE:1::1 2001:DB8:CAFE::1
ip host sw1.example.com 2001:DB8:CAFE::100
ip host sw2.example.com 2001:DB8:CAFE:1::100
ip host r15.example.com 2001:DB8:CAFE:1::1500
ip host r2.example.com 2001:DB8:CAFE:2::1
ip host r3.example.com 2001:DB8:CAFE:3::1
ip host r4.example.com 2001:DB8:CAFE:4::1
ip host r5.example.com 2001:DB8:CAFE:5::1
ip cef
no ipv6 cef
ipv6 dhcp pool example.com
 dns-server 2001:DB8:CAFE:1::500
!
!
multilink bundle-name authenticated
!
!
!
!
username cesar privilege 15 secret 5 $1$ySxB$UVcFsfDJ7NqR6pUn563lN.
!
redundancy
!
no cdp log mismatch duplex
!
ip tcp synwait-time 5
! 
!
!
!
!
!
!
!
!
!
!
!
!
interface GigabitEthernet0/0
 no ip address
 shutdown
 duplex auto
 speed auto
 media-type rj45
!
interface GigabitEthernet0/1
 no ip address
 shutdown
 duplex auto
 speed auto
 media-type rj45
!
interface GigabitEthernet0/2
 no ip address
 shutdown
 duplex auto
 speed auto
 media-type rj45
!
interface GigabitEthernet0/3
 no ip address
 duplex auto
 speed auto
 media-type rj45
 ipv6 address 2001:DB8:CAFE:1::500/64
 ipv6 enable
 ipv6 dhcp server example.com
!
ip forward-protocol nd
!
!
no ip http server
no ip http secure-server
ip dns server
ip dns primary example.com soa ns1.example.com admin.example.com 21600 900 7776000 86400
ip ssh version 2
ip ssh pubkey-chain
  username cesar
   key-hash ssh-rsa 705F0114D794EEF9B22E83365CAD72F4 cesar@ns1.example.com
ip ssh server algorithm authentication keyboard password publickey
!
ipv6 ioam timestamp
!
!
!
control-plane
!
banner exec ^C
**************************************************************************
* IOSv is strictly limited to use for evaluation, demonstration and IOS  *
* education. IOSv is provided as-is and is not supported by Cisco's      *
* Technical Advisory Center. Any use or disclosure, in whole or in part, *
* of the IOSv Software or Documentation to any third party for any       *
* purposes is expressly prohibited except as otherwise authorized by     *
* Cisco in writing.                                                      *
**************************************************************************^C
banner incoming ^C
**************************************************************************
* IOSv is strictly limited to use for evaluation, demonstration and IOS  *
* education. IOSv is provided as-is and is not supported by Cisco's      *
* Technical Advisory Center. Any use or disclosure, in whole or in part, *
* of the IOSv Software or Documentation to any third party for any       *
* purposes is expressly prohibited except as otherwise authorized by     *
* Cisco in writing.                                                      *
**************************************************************************^C
banner login ^C
**************************************************************************
* IOSv is strictly limited to use for evaluation, demonstration and IOS  *
* education. IOSv is provided as-is and is not supported by Cisco's      *
* Technical Advisory Center. Any use or disclosure, in whole or in part, *
* of the IOSv Software or Documentation to any third party for any       *
* purposes is expressly prohibited except as otherwise authorized by     *
* Cisco in writing.                                                      *
**************************************************************************^C
!
line con 0
 exec-timeout 0 0
 privilege level 15
 logging synchronous
line aux 0
 exec-timeout 0 0
 privilege level 15
 logging synchronous
line vty 0 4
 logging synchronous
 login local
 transport input telnet ssh
!
no scheduler allocate
!
end

DNSv6#
DNSv6#
DEBUG:netmiko:read_channel: 
DEBUG:netmiko:read_channel: 
DEBUG:netmiko:write_channel: b'exit\n'
DEBUG:paramiko.transport:starting thread (client mode): 0x32730c10
DEBUG:paramiko.transport:Local version/idstring: SSH-2.0-paramiko_2.7.2
DEBUG:paramiko.transport:Remote version/idstring: SSH-2.0-Cisco-1.25
INFO:paramiko.transport:Connected (version 2.0, client Cisco-1.25)
DEBUG:paramiko.transport:kex algos:['diffie-hellman-group-exchange-sha1', 'diffie-hellman-group14-sha1'] server key:['ssh-rsa'] client encrypt:['aes128-ctr', 'aes192-ctr', 'aes256-ctr'] server encrypt:['aes128-ctr', 'aes192-ctr', 'aes256-ctr'] client mac:['hmac-sha2-256', 'hmac-sha2-512', 'hmac-sha1', 'hmac-sha1-96'] server mac:['hmac-sha2-256', 'hmac-sha2-512', 'hmac-sha1', 'hmac-sha1-96'] client compress:['none'] server compress:['none'] client lang:[''] server lang:[''] kex follows?False
DEBUG:paramiko.transport:Kex agreed: diffie-hellman-group-exchange-sha1
DEBUG:paramiko.transport:HostKey agreed: ssh-rsa
DEBUG:paramiko.transport:Cipher agreed: aes128-ctr
DEBUG:paramiko.transport:MAC agreed: hmac-sha2-256
DEBUG:paramiko.transport:Compression agreed: none
DEBUG:paramiko.transport:Got server p (2048 bits)
DEBUG:paramiko.transport:kex engine KexGex specified hash_algo <built-in function openssl_sha1>
DEBUG:paramiko.transport:Switch to new keys ...
DEBUG:paramiko.transport:Adding ssh-rsa host key for ns1.example.com: b'ab0610f4216117abc0f399185c1ff7f2'
DEBUG:paramiko.transport:starting thread (client mode): 0x75438c10
DEBUG:paramiko.transport:Local version/idstring: SSH-2.0-paramiko_2.7.2
DEBUG:paramiko.transport:Remote version/idstring: SSH-2.0-Cisco-1.25
INFO:paramiko.transport:Connected (version 2.0, client Cisco-1.25)
DEBUG:paramiko.transport:kex algos:['diffie-hellman-group-exchange-sha1', 'diffie-hellman-group14-sha1'] server key:['ssh-rsa'] client encrypt:['aes128-ctr', 'aes192-ctr', 'aes256-ctr'] server encrypt:['aes128-ctr', 'aes192-ctr', 'aes256-ctr'] client mac:['hmac-sha2-256', 'hmac-sha2-512', 'hmac-sha1', 'hmac-sha1-96'] server mac:['hmac-sha2-256', 'hmac-sha2-512', 'hmac-sha1', 'hmac-sha1-96'] client compress:['none'] server compress:['none'] client lang:[''] server lang:[''] kex follows?False
DEBUG:paramiko.transport:Kex agreed: diffie-hellman-group-exchange-sha1
DEBUG:paramiko.transport:HostKey agreed: ssh-rsa
DEBUG:paramiko.transport:Cipher agreed: aes128-ctr
DEBUG:paramiko.transport:MAC agreed: hmac-sha2-256
DEBUG:paramiko.transport:Compression agreed: none
DEBUG:paramiko.transport:Got server p (2048 bits)
DEBUG:paramiko.transport:kex engine KexGex specified hash_algo <built-in function openssl_sha1>
DEBUG:paramiko.transport:Switch to new keys ...
DEBUG:paramiko.transport:Adding ssh-rsa host key for ns1.example.com: b'a2fdb8e1f2704494664b2bab2fb040fc'
DEBUG:paramiko.transport:starting thread (client mode): 0xdaf02c10
DEBUG:paramiko.transport:Local version/idstring: SSH-2.0-paramiko_2.7.2
DEBUG:paramiko.transport:Remote version/idstring: SSH-2.0-Cisco-1.25
INFO:paramiko.transport:Connected (version 2.0, client Cisco-1.25)
DEBUG:paramiko.transport:kex algos:['diffie-hellman-group-exchange-sha1', 'diffie-hellman-group14-sha1'] server key:['ssh-rsa'] client encrypt:['aes128-ctr', 'aes192-ctr', 'aes256-ctr'] server encrypt:['aes128-ctr', 'aes192-ctr', 'aes256-ctr'] client mac:['hmac-sha2-256', 'hmac-sha2-512', 'hmac-sha1', 'hmac-sha1-96'] server mac:['hmac-sha2-256', 'hmac-sha2-512', 'hmac-sha1', 'hmac-sha1-96'] client compress:['none'] server compress:['none'] client lang:[''] server lang:[''] kex follows?False
DEBUG:paramiko.transport:Kex agreed: diffie-hellman-group-exchange-sha1
DEBUG:paramiko.transport:HostKey agreed: ssh-rsa
DEBUG:paramiko.transport:Cipher agreed: aes128-ctr
DEBUG:paramiko.transport:MAC agreed: hmac-sha2-256
DEBUG:paramiko.transport:Compression agreed: none
DEBUG:paramiko.transport:Got server p (2048 bits)
DEBUG:paramiko.transport:kex engine KexGex specified hash_algo <built-in function openssl_sha1>
DEBUG:paramiko.transport:Switch to new keys ...
DEBUG:paramiko.transport:Adding ssh-rsa host key for ns1.example.com: b'7fa36f242ae17d64caa32297c613d0a2'
DEBUG:paramiko.transport:Trying discovered key b'0714b280499788177814e1e90995a77d' in /home/kali/.ssh/ns1.example.com_id_rsa
DEBUG:paramiko.transport:userauth is OK
INFO:paramiko.transport:Auth banner: b"\r\n**************************************************************************\r\n* IOSv is strictly limited to use for evaluation, demonstration and IOS  *\r\n* education. IOSv is provided as-is and is not supported by Cisco's      *\r\n* Technical Advisory Center. Any use or disclosure, in whole or in part, *\r\n* of the IOSv Software or Documentation to any third party for any       *\r\n* purposes is expressly prohibited except as otherwise authorized by     *\r\n* Cisco in writing.                                                      *\r\n**************************************************************************"
INFO:paramiko.transport:Authentication (publickey) successful!
DEBUG:paramiko.transport:[chan 0] Max packet in: 32768 bytes
DEBUG:paramiko.transport:[chan 0] Max packet out: 4096 bytes
DEBUG:paramiko.transport:Secsh channel 0 opened.
DEBUG:paramiko.transport:[chan 0] Sesch channel 0 request ok
DEBUG:paramiko.transport:[chan 0] Sesch channel 0 request ok
DEBUG:netmiko:write_channel: b'terminal width 511\n'
DEBUG:netmiko:Pattern is: terminal width 511
DEBUG:netmiko:_read_channel_expect read_data: 
**************************************************************************
* IOSv is strictly limited to use for evaluation, demonstration and IOS  *
* education. IOSv is provided as-is and is not supported by Cisco's      *
* Technical Advisory Center. Any use or disclosure, in whole or in part, *
* of the IOSv Software or Documentation to any third party for any       *
* purposes is expressly prohibited except as otherwise authorized by     *
* Cisco in writing.                                                      *
**************************************************************************
DNSv6#
DEBUG:netmiko:_read_channel_expect read_data: terminal widt
DEBUG:netmiko:_read_channel_expect read_data: h 511
DNSv6#
DEBUG:netmiko:Pattern found: terminal width 511 
**************************************************************************
* IOSv is strictly limited to use for evaluation, demonstration and IOS  *
* education. IOSv is provided as-is and is not supported by Cisco's      *
* Technical Advisory Center. Any use or disclosure, in whole or in part, *
* of the IOSv Software or Documentation to any third party for any       *
* purposes is expressly prohibited except as otherwise authorized by     *
* Cisco in writing.                                                      *
**************************************************************************
DNSv6#terminal width 511
DNSv6#
DEBUG:netmiko:In disable_paging
DEBUG:netmiko:Command: terminal length 0

DEBUG:netmiko:write_channel: b'terminal length 0\n'
DEBUG:netmiko:Pattern is: terminal\ length\ 0
DEBUG:netmiko:_read_channel_expect read_data: t
DEBUG:netmiko:_read_channel_expect read_data: erminal length 0
DNSv6#
DEBUG:netmiko:Pattern found: terminal\ length\ 0 terminal length 0
DNSv6#
DEBUG:netmiko:terminal length 0
DNSv6#
DEBUG:netmiko:Exiting disable_paging
DEBUG:netmiko:read_channel: 
DEBUG:netmiko:write_channel: b'\n'
DEBUG:netmiko:read_channel: 
DNSv6#
DEBUG:netmiko:read_channel: 
DEBUG:netmiko:[find_prompt()]: prompt is DNSv6#
DEBUG:netmiko:write_channel: b'\n'
DEBUG:netmiko:Pattern is: DNSv6
DEBUG:netmiko:_read_channel_expect read_data: 

DEBUG:netmiko:_read_channel_expect read_data: DNSv6#
DEBUG:netmiko:Pattern found: DNSv6 
DNSv6#
DEBUG:netmiko:write_channel: b'show running-config \n'
DEBUG:netmiko:write_channel: b'\n'
DEBUG:netmiko:read_channel: show running-config 
Building configuration...

DEBUG:netmiko:read_channel: 
Current configuration : 4124 bytes
!
! Last configuration change at 07:31:01 UTC Fri Sep 17 2021 by cesar
!
version 15.7
service timestamps debug datetime msec
service timestamps log datetime msec
no service password-encryption
!
hostname DNSv6
!
boot-start-marker
boot-end-marker
!
!
!
no aaa new-model
!
!
!
mmi polling-interval 60
no mmi auto-configure
no mmi pvc
mmi snmp-timeout 180
!
!
!
!
!
no ip icmp rate-limit unreachable
!
!
!
!
!
!
no ip domain lookup
ip domain name example.com
ip host ns1.example.com 2001:DB8:CAFE:1::500
ip host r1.example.com 2001:DB8:CAFE:1::1 2001:DB8:CAFE::1
ip host sw1.example.com 2001:DB8:CAFE::100
ip host sw2.example.com 2001:DB8:CAFE:1::100
ip host r15.example.com 2001:DB8:CAFE:1::1500
ip host r2.example.com 2001:DB8:CAFE:2::1
ip host r3.example.com 2001:DB8:CAFE:3::1
ip host r4.example.com 2001:DB8:CAFE:4::1
ip host r5.example.com 2001:DB8:CAFE:5::1
ip cef
no ipv6 cef
ipv6 dhcp pool example.com
 dns-server 2001:DB8:CAFE:1::500
!
!
multilink bundle-name authenticated
!
!
!
!
username cesar privilege 15 secret 5 $1$ySxB$UVcFsfDJ7NqR6pUn563lN.
!
redundancy
!
no cdp log mismatch duplex
!
ip tcp synwait-time 5
! 
!
!
!
!
!
!
!
!
!
!
!
!
interface GigabitEthernet0/0
 no ip address
 shutdown
 duplex auto
 speed auto
 media-type rj45
!
interface GigabitEthernet0/1
 no ip address
 shutdown
 duplex auto
 speed auto
 media-type rj45
!
interface GigabitEthernet0/2
 no ip address
 shutdown
 duplex auto
 speed auto
 media-type rj45
!
interface GigabitEthernet0/3
 no ip address
 duplex auto
 speed auto
 media-type rj45
 ipv6 address 2001:DB8:CAFE:1::500/64
 ipv6 enable
 ipv6 dhcp server example.com
!
ip forward-protocol nd
!
!
no ip http server
no ip http secure-server
ip dns server
ip dns primary example.com soa ns1.example.com admin.example.com 21600 900 7776000 86400
ip ssh version 2
ip ssh pubkey-chain
  username cesar
   key-hash ssh-rsa 0714B280499788177814E1E90995A77D cesar@ns1.example.com
ip ssh server algorithm authentication keyboard password publickey
!
ipv6 ioam timestamp
!
!
!
control-plane
!
banner exec ^C
**************************************************************************
* IOSv is strictly limited to use for evaluation, demonstration and IOS  *
* education. IOSv is provided as-is and is not supported by Cisco's      *
* Technical Advisory Center. Any use or disclosure, in whole or in part, *
* of the IOSv Software or Documentation to any third party for any       *
* purposes is expressly prohibited except as otherwise authorized by     *
* Cisco in writing.                                                      *
**************************************************************************^C
banner incoming ^C
**************************************************************************
* IOSv is strictly limited to use for evaluation, demonstration and IOS  *
* education. IOSv is provided as-is and is not supported by Cisco's      *
* Technical Advisory Center. Any use or disclosure, in whole or in part, *
* of the IOSv Software or Documentation to any third party for any       *
* purposes is expressly prohibited except as otherwise authorized by     *
* Cisco in writing.                                                      *
**************************************************************************^C
banner login ^C
**************************************************************************
* IOSv is strictly limited to use for evaluation, demonstration and IOS  *
* education. IOSv is provided as-is and is not supported by Cisco's      *
* Technical Advisory Center. Any use or disclosure, in whole or in part, *
* of the IOSv Software or Documentation to any third party for any       *
* purposes is expressly prohibited except as otherwise authorized by     *
* Cisco in writing.                                                      *
**************************************************************************^C
!
line con 0
 exec-timeout 0 0
 privilege level 15
 logging synchronous
line aux 0
 exec-timeout 0 0
 privilege level 15
 logging synchronous
line vty 0 4
 logging synchronous
 login local
 transport input telnet ssh
!
no scheduler allocate
!
end

DNSv6#
DNSv6#
DEBUG:netmiko:read_channel: 
DEBUG:netmiko:read_channel: 
DEBUG:netmiko:write_channel: b'exit\n'
DEBUG:paramiko.transport:starting thread (client mode): 0x2df00c10
DEBUG:paramiko.transport:Local version/idstring: SSH-2.0-paramiko_2.7.2
DEBUG:paramiko.transport:Remote version/idstring: SSH-2.0-Cisco-1.25
INFO:paramiko.transport:Connected (version 2.0, client Cisco-1.25)
DEBUG:paramiko.transport:kex algos:['diffie-hellman-group-exchange-sha1', 'diffie-hellman-group14-sha1'] server key:['ssh-rsa'] client encrypt:['aes128-ctr', 'aes192-ctr', 'aes256-ctr'] server encrypt:['aes128-ctr', 'aes192-ctr', 'aes256-ctr'] client mac:['hmac-sha2-256', 'hmac-sha2-512', 'hmac-sha1', 'hmac-sha1-96'] server mac:['hmac-sha2-256', 'hmac-sha2-512', 'hmac-sha1', 'hmac-sha1-96'] client compress:['none'] server compress:['none'] client lang:[''] server lang:[''] kex follows?False
DEBUG:paramiko.transport:Kex agreed: diffie-hellman-group-exchange-sha1
DEBUG:paramiko.transport:HostKey agreed: ssh-rsa
DEBUG:paramiko.transport:Cipher agreed: aes128-ctr
DEBUG:paramiko.transport:MAC agreed: hmac-sha2-256
DEBUG:paramiko.transport:Compression agreed: none
DEBUG:paramiko.transport:Got server p (2048 bits)
DEBUG:paramiko.transport:kex engine KexGex specified hash_algo <built-in function openssl_sha1>
DEBUG:paramiko.transport:Switch to new keys ...
DEBUG:paramiko.transport:Adding ssh-rsa host key for ns1.example.com: b'9ac09014d74efcf7151deb03eaba85e7'
DEBUG:paramiko.transport:Trying discovered key b'0714b280499788177814e1e90995a77d' in /home/kali/.ssh/ns1.example.com_id_rsa
DEBUG:paramiko.transport:userauth is OK
INFO:paramiko.transport:Auth banner: b"\r\n**************************************************************************\r\n* IOSv is strictly limited to use for evaluation, demonstration and IOS  *\r\n* education. IOSv is provided as-is and is not supported by Cisco's      *\r\n* Technical Advisory Center. Any use or disclosure, in whole or in part, *\r\n* of the IOSv Software or Documentation to any third party for any       *\r\n* purposes is expressly prohibited except as otherwise authorized by     *\r\n* Cisco in writing.                                                      *\r\n**************************************************************************"
INFO:paramiko.transport:Authentication (publickey) successful!
DEBUG:paramiko.transport:[chan 0] Max packet in: 32768 bytes
DEBUG:paramiko.transport:[chan 0] Max packet out: 4096 bytes
DEBUG:paramiko.transport:Secsh channel 0 opened.
DEBUG:paramiko.transport:[chan 0] Sesch channel 0 request ok
DEBUG:paramiko.transport:[chan 0] Sesch channel 0 request ok
DEBUG:netmiko:write_channel: b'terminal width 511\n'
DEBUG:netmiko:Pattern is: terminal width 511
DEBUG:netmiko:_read_channel_expect read_data: 
**************************************************************************
* IOSv is strictly limited to use for evaluation, demonstration and IOS  *
* education. IOSv is provided as-is and is not supported by Cisco's      *
* Technical Advisory Center. Any use or disclosure, in whole or in part, *
* of the IOSv Software or Documentation to any third party for any       *
* purposes is expressly prohibited except as otherwise authorized by     *
* Cisco in writing.                                                      *
**************************************************************************
DNSv6#
DEBUG:netmiko:_read_channel_expect read_data: terminal width 51
DEBUG:netmiko:_read_channel_expect read_data: 1
DNSv6#
DEBUG:netmiko:Pattern found: terminal width 511 
**************************************************************************
* IOSv is strictly limited to use for evaluation, demonstration and IOS  *
* education. IOSv is provided as-is and is not supported by Cisco's      *
* Technical Advisory Center. Any use or disclosure, in whole or in part, *
* of the IOSv Software or Documentation to any third party for any       *
* purposes is expressly prohibited except as otherwise authorized by     *
* Cisco in writing.                                                      *
**************************************************************************
DNSv6#terminal width 511
DNSv6#
DEBUG:netmiko:In disable_paging
DEBUG:netmiko:Command: terminal length 0

DEBUG:netmiko:write_channel: b'terminal length 0\n'
DEBUG:netmiko:Pattern is: terminal\ length\ 0
DEBUG:netmiko:_read_channel_expect read_data: t
DEBUG:netmiko:_read_channel_expect read_data: erminal length 0

DEBUG:netmiko:Pattern found: terminal\ length\ 0 terminal length 0

DEBUG:netmiko:terminal length 0

DEBUG:netmiko:Exiting disable_paging
DEBUG:netmiko:read_channel: DNSv6#
DEBUG:netmiko:Clear buffer detects data in the channel
DEBUG:netmiko:read_channel: 
DEBUG:netmiko:write_channel: b'\n'
DEBUG:netmiko:read_channel: 
DNSv6#
DEBUG:netmiko:read_channel: 
DEBUG:netmiko:[find_prompt()]: prompt is DNSv6#
DEBUG:netmiko:write_channel: b'\n'
DEBUG:netmiko:Pattern is: DNSv6
DEBUG:netmiko:_read_channel_expect read_data: 

DEBUG:netmiko:_read_channel_expect read_data: DNSv6#
DEBUG:netmiko:Pattern found: DNSv6 
DNSv6#
DEBUG:netmiko:write_channel: b'show running-config \n'
DEBUG:netmiko:write_channel: b'\n'
DEBUG:netmiko:read_channel: show running-config 
Building configuration...

DEBUG:netmiko:read_channel: 
Current configuration : 4124 bytes
!
! Last configuration change at 07:31:46 UTC Fri Sep 17 2021 by cesar
!
version 15.7
service timestamps debug datetime msec
service timestamps log datetime msec
no service password-encryption
!
hostname DNSv6
!
boot-start-marker
boot-end-marker
!
!
!
no aaa new-model
!
!
!
mmi polling-interval 60
no mmi auto-configure
no mmi pvc
mmi snmp-timeout 180
!
!
!
!
!
no ip icmp rate-limit unreachable
!
!
!
!
!
!
no ip domain lookup
ip domain name example.com
ip host ns1.example.com 2001:DB8:CAFE:1::500
ip host r1.example.com 2001:DB8:CAFE:1::1 2001:DB8:CAFE::1
ip host sw1.example.com 2001:DB8:CAFE::100
ip host sw2.example.com 2001:DB8:CAFE:1::100
ip host r15.example.com 2001:DB8:CAFE:1::1500
ip host r2.example.com 2001:DB8:CAFE:2::1
ip host r3.example.com 2001:DB8:CAFE:3::1
ip host r4.example.com 2001:DB8:CAFE:4::1
ip host r5.example.com 2001:DB8:CAFE:5::1
ip cef
no ipv6 cef
ipv6 dhcp pool example.com
 dns-server 2001:DB8:CAFE:1::500
!
!
multilink bundle-name authenticated
!
!
!
!
username cesar privilege 15 secret 5 $1$ySxB$UVcFsfDJ7NqR6pUn563lN.
!
redundancy
!
no cdp log mismatch duplex
!
ip tcp synwait-time 5
! 
!
!
!
!
!
!
!
!
!
!
!
!
interface GigabitEthernet0/0
 no ip address
 shutdown
 duplex auto
 speed auto
 media-type rj45
!
interface GigabitEthernet0/1
 no ip address
 shutdown
 duplex auto
 speed auto
 media-type rj45
!
interface GigabitEthernet0/2
 no ip address
 shutdown
 duplex auto
 speed auto
 media-type rj45
!
interface GigabitEthernet0/3
 no ip address
 duplex auto
 speed auto
 media-type rj45
 ipv6 address 2001:DB8:CAFE:1::500/64
 ipv6 enable
 ipv6 dhcp server example.com
!
ip forward-protocol nd
!
!
no ip http server
no ip http secure-server
ip dns server
ip dns primary example.com soa ns1.example.com admin.example.com 21600 900 7776000 86400
ip ssh version 2
ip ssh pubkey-chain
  username cesar
   key-hash ssh-rsa 0714B280499788177814E1E90995A77D cesar@ns1.example.com
ip ssh server algorithm authentication keyboard password publickey
!
ipv6 ioam timestamp
!
!
!
control-plane
!
banner exec ^C
**************************************************************************
* IOSv is strictly limited to use for evaluation, demonstration and IOS  *
* education. IOSv is provided as-is and is not supported by Cisco's      *
* Technical Advisory Center. Any use or disclosure, in whole or in part, *
* of the IOSv Software or Documentation to any third party for any       *
* purposes is expressly prohibited except as otherwise authorized by     *
* Cisco in writing.                                                      *
**************************************************************************^C
banner incoming ^C
**************************************************************************
* IOSv is strictly limited to use for evaluation, demonstration and IOS  *
* education. IOSv is provided as-is and is not supported by Cisco's      *
* Technical Advisory Center. Any use or disclosure, in whole or in part, *
* of the IOSv Software or Documentation to any third party for any       *
* purposes is expressly prohibited except as otherwise authorized by     *
* Cisco in writing.                                                      *
**************************************************************************^C
banner login ^C
**************************************************************************
* IOSv is strictly limited to use for evaluation, demonstration and IOS  *
* education. IOSv is provided as-is and is not supported by Cisco's      *
* Technical Advisory Center. Any use or disclosure, in whole or in part, *
* of the IOSv Software or Documentation to any third party for any       *
* purposes is expressly prohibited except as otherwise authorized by     *
* Cisco in writing.                                                      *
**************************************************************************^C
!
line con 0
 exec-timeout 0 0
 privilege level 15
 logging synchronous
line aux 0
 exec-timeout 0 0
 privilege level 15
 logging synchronous
line vty 0 4
 logging synchronous
 login local
 transport input telnet ssh
!
no scheduler allocate
!
end

DNSv6#
DNSv6#
DEBUG:netmiko:read_channel: 
DEBUG:netmiko:read_channel: 
DEBUG:netmiko:write_channel: b'exit\n'
DEBUG:paramiko.transport:starting thread (client mode): 0x7989dc10
DEBUG:paramiko.transport:Local version/idstring: SSH-2.0-paramiko_2.7.2
DEBUG:paramiko.transport:Remote version/idstring: SSH-2.0-Cisco-1.25
INFO:paramiko.transport:Connected (version 2.0, client Cisco-1.25)
DEBUG:paramiko.transport:kex algos:['diffie-hellman-group-exchange-sha1', 'diffie-hellman-group14-sha1'] server key:['ssh-rsa'] client encrypt:['aes128-ctr', 'aes192-ctr', 'aes256-ctr'] server encrypt:['aes128-ctr', 'aes192-ctr', 'aes256-ctr'] client mac:['hmac-sha2-256', 'hmac-sha2-512', 'hmac-sha1', 'hmac-sha1-96'] server mac:['hmac-sha2-256', 'hmac-sha2-512', 'hmac-sha1', 'hmac-sha1-96'] client compress:['none'] server compress:['none'] client lang:[''] server lang:[''] kex follows?False
DEBUG:paramiko.transport:Kex agreed: diffie-hellman-group-exchange-sha1
DEBUG:paramiko.transport:HostKey agreed: ssh-rsa
DEBUG:paramiko.transport:Cipher agreed: aes128-ctr
DEBUG:paramiko.transport:MAC agreed: hmac-sha2-256
DEBUG:paramiko.transport:Compression agreed: none
DEBUG:paramiko.transport:Got server p (2048 bits)
DEBUG:paramiko.transport:kex engine KexGex specified hash_algo <built-in function openssl_sha1>
DEBUG:paramiko.transport:Switch to new keys ...
DEBUG:paramiko.transport:Adding ssh-rsa host key for ns1.example.com: b'2f41c5c71e0bb0623472ae37045c5bbc'
DEBUG:paramiko.transport:starting thread (client mode): 0x12b59c10
DEBUG:paramiko.transport:Local version/idstring: SSH-2.0-paramiko_2.7.2
DEBUG:paramiko.transport:Remote version/idstring: SSH-2.0-Cisco-1.25
INFO:paramiko.transport:Connected (version 2.0, client Cisco-1.25)
DEBUG:paramiko.transport:kex algos:['diffie-hellman-group-exchange-sha1', 'diffie-hellman-group14-sha1'] server key:['ssh-rsa'] client encrypt:['aes128-ctr', 'aes192-ctr', 'aes256-ctr'] server encrypt:['aes128-ctr', 'aes192-ctr', 'aes256-ctr'] client mac:['hmac-sha2-256', 'hmac-sha2-512', 'hmac-sha1', 'hmac-sha1-96'] server mac:['hmac-sha2-256', 'hmac-sha2-512', 'hmac-sha1', 'hmac-sha1-96'] client compress:['none'] server compress:['none'] client lang:[''] server lang:[''] kex follows?False
DEBUG:paramiko.transport:Kex agreed: diffie-hellman-group-exchange-sha1
DEBUG:paramiko.transport:HostKey agreed: ssh-rsa
DEBUG:paramiko.transport:Cipher agreed: aes128-ctr
DEBUG:paramiko.transport:MAC agreed: hmac-sha2-256
DEBUG:paramiko.transport:Compression agreed: none
DEBUG:paramiko.transport:Got server p (2048 bits)
DEBUG:paramiko.transport:kex engine KexGex specified hash_algo <built-in function openssl_sha1>
DEBUG:paramiko.transport:Switch to new keys ...
DEBUG:paramiko.transport:Adding ssh-rsa host key for ns1.example.com: b'ae3fb795aee5979213a02f7af567446b'
DEBUG:paramiko.transport:starting thread (client mode): 0xccd14c10
DEBUG:paramiko.transport:Local version/idstring: SSH-2.0-paramiko_2.7.2
DEBUG:paramiko.transport:Remote version/idstring: SSH-2.0-Cisco-1.25
INFO:paramiko.transport:Connected (version 2.0, client Cisco-1.25)
DEBUG:paramiko.transport:kex algos:['diffie-hellman-group-exchange-sha1', 'diffie-hellman-group14-sha1'] server key:['ssh-rsa'] client encrypt:['aes128-ctr', 'aes192-ctr', 'aes256-ctr'] server encrypt:['aes128-ctr', 'aes192-ctr', 'aes256-ctr'] client mac:['hmac-sha2-256', 'hmac-sha2-512', 'hmac-sha1', 'hmac-sha1-96'] server mac:['hmac-sha2-256', 'hmac-sha2-512', 'hmac-sha1', 'hmac-sha1-96'] client compress:['none'] server compress:['none'] client lang:[''] server lang:[''] kex follows?False
DEBUG:paramiko.transport:Kex agreed: diffie-hellman-group-exchange-sha1
DEBUG:paramiko.transport:HostKey agreed: ssh-rsa
DEBUG:paramiko.transport:Cipher agreed: aes128-ctr
DEBUG:paramiko.transport:MAC agreed: hmac-sha2-256
DEBUG:paramiko.transport:Compression agreed: none
DEBUG:paramiko.transport:Got server p (2048 bits)
DEBUG:paramiko.transport:kex engine KexGex specified hash_algo <built-in function openssl_sha1>
DEBUG:paramiko.transport:Switch to new keys ...
DEBUG:paramiko.transport:Adding ssh-rsa host key for ns1.example.com: b'ae3fb795aee5979213a02f7af567446b'
DEBUG:paramiko.transport:starting thread (client mode): 0x8ad93c10
DEBUG:paramiko.transport:Local version/idstring: SSH-2.0-paramiko_2.7.2
DEBUG:paramiko.transport:Remote version/idstring: SSH-2.0-Cisco-1.25
INFO:paramiko.transport:Connected (version 2.0, client Cisco-1.25)
DEBUG:paramiko.transport:kex algos:['diffie-hellman-group-exchange-sha1', 'diffie-hellman-group14-sha1'] server key:['ssh-rsa'] client encrypt:['aes128-ctr', 'aes192-ctr', 'aes256-ctr'] server encrypt:['aes128-ctr', 'aes192-ctr', 'aes256-ctr'] client mac:['hmac-sha2-256', 'hmac-sha2-512', 'hmac-sha1', 'hmac-sha1-96'] server mac:['hmac-sha2-256', 'hmac-sha2-512', 'hmac-sha1', 'hmac-sha1-96'] client compress:['none'] server compress:['none'] client lang:[''] server lang:[''] kex follows?False
DEBUG:paramiko.transport:Kex agreed: diffie-hellman-group-exchange-sha1
DEBUG:paramiko.transport:HostKey agreed: ssh-rsa
DEBUG:paramiko.transport:Cipher agreed: aes128-ctr
DEBUG:paramiko.transport:MAC agreed: hmac-sha2-256
DEBUG:paramiko.transport:Compression agreed: none
DEBUG:paramiko.transport:Got server p (2048 bits)
DEBUG:paramiko.transport:kex engine KexGex specified hash_algo <built-in function openssl_sha1>
DEBUG:paramiko.transport:Switch to new keys ...
DEBUG:paramiko.transport:Adding ssh-rsa host key for ns1.example.com: b'ec51d47ac688d679b092ab7d50049e7f'
DEBUG:paramiko.transport:Trying discovered key b'b9f43b5119ea431a62b8238e1bb275d7' in /home/kali/.ssh/ns1.example.com_id_rsa
DEBUG:paramiko.transport:userauth is OK
INFO:paramiko.transport:Auth banner: b"\r\n**************************************************************************\r\n* IOSv is strictly limited to use for evaluation, demonstration and IOS  *\r\n* education. IOSv is provided as-is and is not supported by Cisco's      *\r\n* Technical Advisory Center. Any use or disclosure, in whole or in part, *\r\n* of the IOSv Software or Documentation to any third party for any       *\r\n* purposes is expressly prohibited except as otherwise authorized by     *\r\n* Cisco in writing.                                                      *\r\n**************************************************************************"
INFO:paramiko.transport:Authentication (publickey) successful!
DEBUG:paramiko.transport:[chan 0] Max packet in: 32768 bytes
DEBUG:paramiko.transport:[chan 0] Max packet out: 4096 bytes
DEBUG:paramiko.transport:Secsh channel 0 opened.
DEBUG:paramiko.transport:[chan 0] Sesch channel 0 request ok
DEBUG:paramiko.transport:[chan 0] Sesch channel 0 request ok
DEBUG:netmiko:write_channel: b'terminal width 511\n'
DEBUG:netmiko:Pattern is: terminal width 511
DEBUG:netmiko:_read_channel_expect read_data: 
**************************************************************************
* IOSv is strictly limited to use for evaluation, demonstration and IOS  *
* education. IOSv is provided as-is and is not supported by Cisco's      *
* Technical Advisory Center. Any use or disclosure, in whole or in part, *
* of the IOSv Software or Documentation to any third party for any       *
* purposes is expressly prohibited except as otherwise authorized by     *
* Cisco in writing.                                                      *
**************************************************************************
DNSv6#
DEBUG:netmiko:_read_channel_expect read_data: terminal width 511
DNSv6#
DEBUG:netmiko:Pattern found: terminal width 511 
**************************************************************************
* IOSv is strictly limited to use for evaluation, demonstration and IOS  *
* education. IOSv is provided as-is and is not supported by Cisco's      *
* Technical Advisory Center. Any use or disclosure, in whole or in part, *
* of the IOSv Software or Documentation to any third party for any       *
* purposes is expressly prohibited except as otherwise authorized by     *
* Cisco in writing.                                                      *
**************************************************************************
DNSv6#terminal width 511
DNSv6#
DEBUG:netmiko:In disable_paging
DEBUG:netmiko:Command: terminal length 0

DEBUG:netmiko:write_channel: b'terminal length 0\n'
DEBUG:netmiko:Pattern is: terminal\ length\ 0
DEBUG:netmiko:_read_channel_expect read_data: t
DEBUG:netmiko:_read_channel_expect read_data: erminal length 0
DNSv6#
DEBUG:netmiko:Pattern found: terminal\ length\ 0 terminal length 0
DNSv6#
DEBUG:netmiko:terminal length 0
DNSv6#
DEBUG:netmiko:Exiting disable_paging
DEBUG:netmiko:read_channel: 
DEBUG:netmiko:write_channel: b'\n'
DEBUG:netmiko:read_channel: 
DNSv6#
DEBUG:netmiko:read_channel: 
DEBUG:netmiko:[find_prompt()]: prompt is DNSv6#
DEBUG:netmiko:write_channel: b'\n'
DEBUG:netmiko:Pattern is: DNSv6
DEBUG:netmiko:_read_channel_expect read_data: 

DEBUG:netmiko:_read_channel_expect read_data: DNSv6#
DEBUG:netmiko:Pattern found: DNSv6 
DNSv6#
DEBUG:netmiko:write_channel: b'show running-config \n'
DEBUG:netmiko:write_channel: b'\n'
DEBUG:netmiko:read_channel: show running-config 
Building configuration...

DEBUG:netmiko:read_channel: 
Current configuration : 4124 bytes
!
! Last configuration change at 07:45:49 UTC Fri Sep 17 2021 by cesar
!
version 15.7
service timestamps debug datetime msec
service timestamps log datetime msec
no service password-encryption
!
hostname DNSv6
!
boot-start-marker
boot-end-marker
!
!
!
no aaa new-model
!
!
!
mmi polling-interval 60
no mmi auto-configure
no mmi pvc
mmi snmp-timeout 180
!
!
!
!
!
no ip icmp rate-limit unreachable
!
!
!
!
!
!
no ip domain lookup
ip domain name example.com
ip host ns1.example.com 2001:DB8:CAFE:1::500
ip host r1.example.com 2001:DB8:CAFE:1::1 2001:DB8:CAFE::1
ip host sw1.example.com 2001:DB8:CAFE::100
ip host sw2.example.com 2001:DB8:CAFE:1::100
ip host r15.example.com 2001:DB8:CAFE:1::1500
ip host r2.example.com 2001:DB8:CAFE:2::1
ip host r3.example.com 2001:DB8:CAFE:3::1
ip host r4.example.com 2001:DB8:CAFE:4::1
ip host r5.example.com 2001:DB8:CAFE:5::1
ip cef
no ipv6 cef
ipv6 dhcp pool example.com
 dns-server 2001:DB8:CAFE:1::500
!
!
multilink bundle-name authenticated
!
!
!
!
username cesar privilege 15 secret 5 $1$ySxB$UVcFsfDJ7NqR6pUn563lN.
!
redundancy
!
no cdp log mismatch duplex
!
ip tcp synwait-time 5
! 
!
!
!
!
!
!
!
!
!
!
!
!
interface GigabitEthernet0/0
 no ip address
 shutdown
 duplex auto
 speed auto
 media-type rj45
!
interface GigabitEthernet0/1
 no ip address
 shutdown
 duplex auto
 speed auto
 media-type rj45
!
interface GigabitEthernet0/2
 no ip address
 shutdown
 duplex auto
 speed auto
 media-type rj45
!
interface GigabitEthernet0/3
 no ip address
 duplex auto
 speed auto
 media-type rj45
 ipv6 address 2001:DB8:CAFE:1::500/64
 ipv6 enable
 ipv6 dhcp server example.com
!
ip forward-protocol nd
!
!
no ip http server
no ip http secure-server
ip dns server
ip dns primary example.com soa ns1.example.com admin.example.com 21600 900 7776000 86400
ip ssh version 2
ip ssh pubkey-chain
  username cesar
   key-hash ssh-rsa B9F43B5119EA431A62B8238E1BB275D7 cesar@ns1.example.com
ip ssh server algorithm authentication keyboard password publickey
!
ipv6 ioam timestamp
!
!
!
control-plane
!
banner exec ^C
**************************************************************************
* IOSv is strictly limited to use for evaluation, demonstration and IOS  *
* education. IOSv is provided as-is and is not supported by Cisco's      *
* Technical Advisory Center. Any use or disclosure, in whole or in part, *
* of the IOSv Software or Documentation to any third party for any       *
* purposes is expressly prohibited except as otherwise authorized by     *
* Cisco in writing.                                                      *
**************************************************************************^C
banner incoming ^C
**************************************************************************
* IOSv is strictly limited to use for evaluation, demonstration and IOS  *
* education. IOSv is provided as-is and is not supported by Cisco's      *
* Technical Advisory Center. Any use or disclosure, in whole or in part, *
* of the IOSv Software or Documentation to any third party for any       *
* purposes is expressly prohibited except as otherwise authorized by     *
* Cisco in writing.                                                      *
**************************************************************************^C
banner login ^C
**************************************************************************
* IOSv is strictly limited to use for evaluation, demonstration and IOS  *
* education. IOSv is provided as-is and is not supported by Cisco's      *
* Technical Advisory Center. Any use or disclosure, in whole or in part, *
* of the IOSv Software or Documentation to any third party for any       *
* purposes is expressly prohibited except as otherwise authorized by     *
* Cisco in writing.                                                      *
**************************************************************************^C
!
line con 0
 exec-timeout 0 0
 privilege level 15
 logging synchronous
line aux 0
 exec-timeout 0 0
 privilege level 15
 logging synchronous
line vty 0 4
 logging synchronous
 login local
 transport input telnet ssh
!
no scheduler allocate
!
end

DNSv6#
DNSv6#
DEBUG:netmiko:read_channel: 
DEBUG:netmiko:read_channel: 
DEBUG:netmiko:write_channel: b'exit\n'
DEBUG:paramiko.transport:starting thread (client mode): 0xfdd83c10
DEBUG:paramiko.transport:Local version/idstring: SSH-2.0-paramiko_2.7.2
DEBUG:paramiko.transport:Remote version/idstring: SSH-2.0-Cisco-1.25
INFO:paramiko.transport:Connected (version 2.0, client Cisco-1.25)
DEBUG:paramiko.transport:kex algos:['diffie-hellman-group-exchange-sha1', 'diffie-hellman-group14-sha1'] server key:['ssh-rsa'] client encrypt:['aes128-ctr', 'aes192-ctr', 'aes256-ctr'] server encrypt:['aes128-ctr', 'aes192-ctr', 'aes256-ctr'] client mac:['hmac-sha2-256', 'hmac-sha2-512', 'hmac-sha1', 'hmac-sha1-96'] server mac:['hmac-sha2-256', 'hmac-sha2-512', 'hmac-sha1', 'hmac-sha1-96'] client compress:['none'] server compress:['none'] client lang:[''] server lang:[''] kex follows?False
DEBUG:paramiko.transport:Kex agreed: diffie-hellman-group-exchange-sha1
DEBUG:paramiko.transport:HostKey agreed: ssh-rsa
DEBUG:paramiko.transport:Cipher agreed: aes128-ctr
DEBUG:paramiko.transport:MAC agreed: hmac-sha2-256
DEBUG:paramiko.transport:Compression agreed: none
DEBUG:paramiko.transport:Got server p (2048 bits)
DEBUG:paramiko.transport:kex engine KexGex specified hash_algo <built-in function openssl_sha1>
DEBUG:paramiko.transport:Switch to new keys ...
DEBUG:paramiko.transport:Adding ssh-rsa host key for ns1.example.com: b'f18df3474ef90e5af179bb7f634991da'
DEBUG:paramiko.transport:Trying discovered key b'91830519ec947ac76dc35efb0005c2ed' in /home/kali/.ssh/ns1.example.com_id_rsa
DEBUG:paramiko.transport:userauth is OK
INFO:paramiko.transport:Auth banner: b"\r\n**************************************************************************\r\n* IOSv is strictly limited to use for evaluation, demonstration and IOS  *\r\n* education. IOSv is provided as-is and is not supported by Cisco's      *\r\n* Technical Advisory Center. Any use or disclosure, in whole or in part, *\r\n* of the IOSv Software or Documentation to any third party for any       *\r\n* purposes is expressly prohibited except as otherwise authorized by     *\r\n* Cisco in writing.                                                      *\r\n**************************************************************************"
INFO:paramiko.transport:Authentication (publickey) successful!
DEBUG:paramiko.transport:[chan 0] Max packet in: 32768 bytes
DEBUG:paramiko.transport:[chan 0] Max packet out: 4096 bytes
DEBUG:paramiko.transport:Secsh channel 0 opened.
DEBUG:paramiko.transport:[chan 0] Sesch channel 0 request ok
DEBUG:paramiko.transport:[chan 0] Sesch channel 0 request ok
DEBUG:netmiko:write_channel: b'terminal width 511\n'
DEBUG:netmiko:Pattern is: terminal width 511
DEBUG:netmiko:_read_channel_expect read_data: 
**************************************************************************
* IOSv is strictly limited to use for evaluation, demonstration and IOS  *
* education. IOSv is provided as-is and is not supported by Cisco's      *
* Technical Advisory Center. Any use or disclosure, in whole or in part, *
* of the IOSv Software or Documentation to any third party for any       *
* purposes is expressly prohibited except as otherwise authorized by     *
* Cisco in writing.                                                      *
**************************************************************************
DNSv6#
DEBUG:netmiko:_read_channel_expect read_data: terminal width 51
DEBUG:netmiko:_read_channel_expect read_data: 1
DNSv6#
DEBUG:netmiko:Pattern found: terminal width 511 
**************************************************************************
* IOSv is strictly limited to use for evaluation, demonstration and IOS  *
* education. IOSv is provided as-is and is not supported by Cisco's      *
* Technical Advisory Center. Any use or disclosure, in whole or in part, *
* of the IOSv Software or Documentation to any third party for any       *
* purposes is expressly prohibited except as otherwise authorized by     *
* Cisco in writing.                                                      *
**************************************************************************
DNSv6#terminal width 511
DNSv6#
DEBUG:netmiko:In disable_paging
DEBUG:netmiko:Command: terminal length 0

DEBUG:netmiko:write_channel: b'terminal length 0\n'
DEBUG:netmiko:Pattern is: terminal\ length\ 0
DEBUG:netmiko:_read_channel_expect read_data: t
DEBUG:netmiko:_read_channel_expect read_data: erminal
DEBUG:netmiko:_read_channel_expect read_data:  l
DEBUG:netmiko:_read_channel_expect read_data: ength 0
DNSv6#
DEBUG:netmiko:Pattern found: terminal\ length\ 0 terminal length 0
DNSv6#
DEBUG:netmiko:terminal length 0
DNSv6#
DEBUG:netmiko:Exiting disable_paging
DEBUG:netmiko:read_channel: 
DEBUG:netmiko:write_channel: b'\n'
DEBUG:netmiko:read_channel: 
DNSv6#
DEBUG:netmiko:read_channel: 
DEBUG:netmiko:[find_prompt()]: prompt is DNSv6#
DEBUG:netmiko:write_channel: b'\n'
DEBUG:netmiko:Pattern is: DNSv6
DEBUG:netmiko:_read_channel_expect read_data: 

DEBUG:netmiko:_read_channel_expect read_data: DNSv6#
DEBUG:netmiko:Pattern found: DNSv6 
DNSv6#
DEBUG:netmiko:write_channel: b'show running-config \n'
DEBUG:netmiko:write_channel: b'\n'
DEBUG:netmiko:read_channel: show running-config 
Building configuration...

DEBUG:netmiko:read_channel: 
Current configuration : 4124 bytes
!
! Last configuration change at 07:53:26 UTC Fri Sep 17 2021 by cesar
!
version 15.7
service timestamps debug datetime msec
service timestamps log datetime msec
no service password-encryption
!
hostname DNSv6
!
boot-start-marker
boot-end-marker
!
!
!
no aaa new-model
!
!
!
mmi polling-interval 60
no mmi auto-configure
no mmi pvc
mmi snmp-timeout 180
!
!
!
!
!
no ip icmp rate-limit unreachable
!
!
!
!
!
!
no ip domain lookup
ip domain name example.com
ip host ns1.example.com 2001:DB8:CAFE:1::500
ip host r1.example.com 2001:DB8:CAFE:1::1 2001:DB8:CAFE::1
ip host sw1.example.com 2001:DB8:CAFE::100
ip host sw2.example.com 2001:DB8:CAFE:1::100
ip host r15.example.com 2001:DB8:CAFE:1::1500
ip host r2.example.com 2001:DB8:CAFE:2::1
ip host r3.example.com 2001:DB8:CAFE:3::1
ip host r4.example.com 2001:DB8:CAFE:4::1
ip host r5.example.com 2001:DB8:CAFE:5::1
ip cef
no ipv6 cef
ipv6 dhcp pool example.com
 dns-server 2001:DB8:CAFE:1::500
!
!
multilink bundle-name authenticated
!
!
!
!
username cesar privilege 15 secret 5 $1$ySxB$UVcFsfDJ7NqR6pUn563lN.
!
redundancy
!
no cdp log mismatch duplex
!
ip tcp synwait-time 5
! 
!
!
!
!
!
!
!
!
!
!
!
!
interface GigabitEthernet0/0
 no ip address
 shutdown
 duplex auto
 speed auto
 media-type rj45
!
interface GigabitEthernet0/1
 no ip address
 shutdown
 duplex auto
 speed auto
 media-type rj45
!
interface GigabitEthernet0/2
 no ip address
 shutdown
 duplex auto
 speed auto
 media-type rj45
!
interface GigabitEthernet0/3
 no ip address
 duplex auto
 speed auto
 media-type rj45
 ipv6 address 2001:DB8:CAFE:1::500/64
 ipv6 enable
 ipv6 dhcp server example.com
!
ip forward-protocol nd
!
!
no ip http server
no ip http secure-server
ip dns server
ip dns primary example.com soa ns1.example.com admin.example.com 21600 900 7776000 86400
ip ssh version 2
ip ssh pubkey-chain
  username cesar
   key-hash ssh-rsa 91830519EC947AC76DC35EFB0005C2ED cesar@ns1.example.com
ip ssh server algorithm authentication keyboard password publickey
!
ipv6 ioam timestamp
!
!
!
control-plane
!
banner exec ^C
**************************************************************************
* IOSv is strictly limited to use for evaluation, demonstration and IOS  *
* education. IOSv is provided as-is and is not supported by Cisco's      *
* Technical Advisory Center. Any use or disclosure, in whole or in part, *
* of the IOSv Software or Documentation to any third party for any       *
* purposes is expressly prohibited except as otherwise authorized by     *
* Cisco in writing.                                                      *
**************************************************************************^C
banner incoming ^C
**************************************************************************
* IOSv is strictly limited to use for evaluation, demonstration and IOS  *
* education. IOSv is provided as-is and is not supported by Cisco's      *
* Technical Advisory Center. Any use or disclosure, in whole or in part, *
* of the IOSv Software or Documentation to any third party for any       *
* purposes is expressly prohibited except as otherwise authorized by     *
* Cisco in writing.                                                      *
**************************************************************************^C
banner login ^C
**************************************************************************
* IOSv is strictly limited to use for evaluation, demonstration and IOS  *
* education. IOSv is provided as-is and is not supported by Cisco's      *
* Technical Advisory Center. Any use or disclosure, in whole or in part, *
* of the IOSv Software or Documentation to any third party for any       *
* purposes is expressly prohibited except as otherwise authorized by     *
* Cisco in writing.                                                      *
**************************************************************************^C
!
line con 0
 exec-timeout 0 0
 privilege level 15
 logging synchronous
line aux 0
 exec-timeout 0 0
 privilege level 15
 logging synchronous
line vty 0 4
 logging synchronous
 login local
 transport input telnet ssh
!
no scheduler allocate
!
end

DNSv6#
DNSv6#
DEBUG:netmiko:read_channel: 
DEBUG:netmiko:read_channel: 
DEBUG:netmiko:write_channel: b'exit\n'
DEBUG:paramiko.transport:starting thread (client mode): 0xa7591c10
DEBUG:paramiko.transport:Local version/idstring: SSH-2.0-paramiko_2.7.2
DEBUG:paramiko.transport:Remote version/idstring: SSH-2.0-Cisco-1.25
INFO:paramiko.transport:Connected (version 2.0, client Cisco-1.25)
DEBUG:paramiko.transport:kex algos:['diffie-hellman-group-exchange-sha1', 'diffie-hellman-group14-sha1'] server key:['ssh-rsa'] client encrypt:['aes128-ctr', 'aes192-ctr', 'aes256-ctr'] server encrypt:['aes128-ctr', 'aes192-ctr', 'aes256-ctr'] client mac:['hmac-sha2-256', 'hmac-sha2-512', 'hmac-sha1', 'hmac-sha1-96'] server mac:['hmac-sha2-256', 'hmac-sha2-512', 'hmac-sha1', 'hmac-sha1-96'] client compress:['none'] server compress:['none'] client lang:[''] server lang:[''] kex follows?False
DEBUG:paramiko.transport:Kex agreed: diffie-hellman-group-exchange-sha1
DEBUG:paramiko.transport:HostKey agreed: ssh-rsa
DEBUG:paramiko.transport:Cipher agreed: aes128-ctr
DEBUG:paramiko.transport:MAC agreed: hmac-sha2-256
DEBUG:paramiko.transport:Compression agreed: none
DEBUG:paramiko.transport:Got server p (2048 bits)
DEBUG:paramiko.transport:kex engine KexGex specified hash_algo <built-in function openssl_sha1>
DEBUG:paramiko.transport:Switch to new keys ...
DEBUG:paramiko.transport:Adding ssh-rsa host key for ns1.example.com: b'f18ff85954525537f53e2ef18bd57452'
DEBUG:paramiko.transport:starting thread (client mode): 0x58af3c10
DEBUG:paramiko.transport:Local version/idstring: SSH-2.0-paramiko_2.7.2
DEBUG:paramiko.transport:Remote version/idstring: SSH-2.0-Cisco-1.25
INFO:paramiko.transport:Connected (version 2.0, client Cisco-1.25)
DEBUG:paramiko.transport:kex algos:['diffie-hellman-group-exchange-sha1', 'diffie-hellman-group14-sha1'] server key:['ssh-rsa'] client encrypt:['aes128-ctr', 'aes192-ctr', 'aes256-ctr'] server encrypt:['aes128-ctr', 'aes192-ctr', 'aes256-ctr'] client mac:['hmac-sha2-256', 'hmac-sha2-512', 'hmac-sha1', 'hmac-sha1-96'] server mac:['hmac-sha2-256', 'hmac-sha2-512', 'hmac-sha1', 'hmac-sha1-96'] client compress:['none'] server compress:['none'] client lang:[''] server lang:[''] kex follows?False
DEBUG:paramiko.transport:Kex agreed: diffie-hellman-group-exchange-sha1
DEBUG:paramiko.transport:HostKey agreed: ssh-rsa
DEBUG:paramiko.transport:Cipher agreed: aes128-ctr
DEBUG:paramiko.transport:MAC agreed: hmac-sha2-256
DEBUG:paramiko.transport:Compression agreed: none
DEBUG:paramiko.transport:Got server p (2048 bits)
DEBUG:paramiko.transport:kex engine KexGex specified hash_algo <built-in function openssl_sha1>
DEBUG:paramiko.transport:Switch to new keys ...
DEBUG:paramiko.transport:Adding ssh-rsa host key for ns1.example.com: b'ab36e611c2849c7eb1b3db600dd1cf25'
DEBUG:paramiko.transport:starting thread (client mode): 0xbc6f7c10
DEBUG:paramiko.transport:Local version/idstring: SSH-2.0-paramiko_2.7.2
DEBUG:paramiko.transport:Remote version/idstring: SSH-2.0-Cisco-1.25
INFO:paramiko.transport:Connected (version 2.0, client Cisco-1.25)
DEBUG:paramiko.transport:kex algos:['diffie-hellman-group-exchange-sha1', 'diffie-hellman-group14-sha1'] server key:['ssh-rsa'] client encrypt:['aes128-ctr', 'aes192-ctr', 'aes256-ctr'] server encrypt:['aes128-ctr', 'aes192-ctr', 'aes256-ctr'] client mac:['hmac-sha2-256', 'hmac-sha2-512', 'hmac-sha1', 'hmac-sha1-96'] server mac:['hmac-sha2-256', 'hmac-sha2-512', 'hmac-sha1', 'hmac-sha1-96'] client compress:['none'] server compress:['none'] client lang:[''] server lang:[''] kex follows?False
DEBUG:paramiko.transport:Kex agreed: diffie-hellman-group-exchange-sha1
DEBUG:paramiko.transport:HostKey agreed: ssh-rsa
DEBUG:paramiko.transport:Cipher agreed: aes128-ctr
DEBUG:paramiko.transport:MAC agreed: hmac-sha2-256
DEBUG:paramiko.transport:Compression agreed: none
DEBUG:paramiko.transport:Got server p (2048 bits)
DEBUG:paramiko.transport:kex engine KexGex specified hash_algo <built-in function openssl_sha1>
DEBUG:paramiko.transport:Switch to new keys ...
DEBUG:paramiko.transport:Adding ssh-rsa host key for ns1.example.com: b'9192b975f586f387a84abd1b4b50be96'
DEBUG:paramiko.transport:Trying discovered key b'8ee9e0916c48608f59e408c2c0e3f8ab' in /home/kali/.ssh/ns1.example.com_id_rsa
DEBUG:paramiko.transport:userauth is OK
INFO:paramiko.transport:Auth banner: b"\r\n**************************************************************************\r\n* IOSv is strictly limited to use for evaluation, demonstration and IOS  *\r\n* education. IOSv is provided as-is and is not supported by Cisco's      *\r\n* Technical Advisory Center. Any use or disclosure, in whole or in part, *\r\n* of the IOSv Software or Documentation to any third party for any       *\r\n* purposes is expressly prohibited except as otherwise authorized by     *\r\n* Cisco in writing.                                                      *\r\n**************************************************************************"
INFO:paramiko.transport:Authentication (publickey) successful!
DEBUG:paramiko.transport:[chan 0] Max packet in: 32768 bytes
DEBUG:paramiko.transport:[chan 0] Max packet out: 4096 bytes
DEBUG:paramiko.transport:Secsh channel 0 opened.
DEBUG:paramiko.transport:[chan 0] Sesch channel 0 request ok
DEBUG:paramiko.transport:[chan 0] Sesch channel 0 request ok
DEBUG:netmiko:write_channel: b'terminal width 511\n'
DEBUG:netmiko:Pattern is: terminal width 511
DEBUG:netmiko:_read_channel_expect read_data: 
**************************************************************************
* IOSv is strictly limited to use for evaluation, demonstration and IOS  *
* education. IOSv is provided as-is and is not supported by Cisco's      *
* Technical Advisory Center. Any use or disclosure, in whole or in part, *
* of the IOSv Software or Documentation to any third party for any       *
* purposes is expressly prohibited except as otherwise authorized by     *
* Cisco in writing.                                                      *
**************************************************************************
DNSv6#
DEBUG:netmiko:_read_channel_expect read_data: terminal width 511
DNSv6#
DEBUG:netmiko:Pattern found: terminal width 511 
**************************************************************************
* IOSv is strictly limited to use for evaluation, demonstration and IOS  *
* education. IOSv is provided as-is and is not supported by Cisco's      *
* Technical Advisory Center. Any use or disclosure, in whole or in part, *
* of the IOSv Software or Documentation to any third party for any       *
* purposes is expressly prohibited except as otherwise authorized by     *
* Cisco in writing.                                                      *
**************************************************************************
DNSv6#terminal width 511
DNSv6#
DEBUG:netmiko:In disable_paging
DEBUG:netmiko:Command: terminal length 0

DEBUG:netmiko:write_channel: b'terminal length 0\n'
DEBUG:netmiko:Pattern is: terminal\ length\ 0
DEBUG:netmiko:_read_channel_expect read_data: t
DEBUG:netmiko:_read_channel_expect read_data: erminal length 0
DNSv6#
DEBUG:netmiko:Pattern found: terminal\ length\ 0 terminal length 0
DNSv6#
DEBUG:netmiko:terminal length 0
DNSv6#
DEBUG:netmiko:Exiting disable_paging
DEBUG:netmiko:read_channel: 
DEBUG:netmiko:write_channel: b'\n'
DEBUG:netmiko:read_channel: 
DNSv6#
DEBUG:netmiko:read_channel: 
DEBUG:netmiko:[find_prompt()]: prompt is DNSv6#
DEBUG:netmiko:write_channel: b'\n'
DEBUG:netmiko:Pattern is: DNSv6
DEBUG:netmiko:_read_channel_expect read_data: 

DEBUG:netmiko:_read_channel_expect read_data: DNSv6#
DEBUG:netmiko:Pattern found: DNSv6 
DNSv6#
DEBUG:netmiko:write_channel: b'show running-config \n'
DEBUG:netmiko:write_channel: b'\n'
DEBUG:netmiko:read_channel: show running-config 
Building configuration...

DEBUG:netmiko:read_channel: 
Current configuration : 4124 bytes
!
! Last configuration change at 07:55:03 UTC Fri Sep 17 2021 by cesar
!
version 15.7
service timestamps debug datetime msec
service timestamps log datetime msec
no service password-encryption
!
hostname DNSv6
!
boot-start-marker
boot-end-marker
!
!
!
no aaa new-model
!
!
!
mmi polling-interval 60
no mmi auto-configure
no mmi pvc
mmi snmp-timeout 180
!
!
!
!
!
no ip icmp rate-limit unreachable
!
!
!
!
!
!
no ip domain lookup
ip domain name example.com
ip host ns1.example.com 2001:DB8:CAFE:1::500
ip host r1.example.com 2001:DB8:CAFE:1::1 2001:DB8:CAFE::1
ip host sw1.example.com 2001:DB8:CAFE::100
ip host sw2.example.com 2001:DB8:CAFE:1::100
ip host r15.example.com 2001:DB8:CAFE:1::1500
ip host r2.example.com 2001:DB8:CAFE:2::1
ip host r3.example.com 2001:DB8:CAFE:3::1
ip host r4.example.com 2001:DB8:CAFE:4::1
ip host r5.example.com 2001:DB8:CAFE:5::1
ip cef
no ipv6 cef
ipv6 dhcp pool example.com
 dns-server 2001:DB8:CAFE:1::500
!
!
multilink bundle-name authenticated
!
!
!
!
username cesar privilege 15 secret 5 $1$ySxB$UVcFsfDJ7NqR6pUn563lN.
!
redundancy
!
no cdp log mismatch duplex
!
ip tcp synwait-time 5
! 
!
!
!
!
!
!
!
!
!
!
!
!
interface GigabitEthernet0/0
 no ip address
 shutdown
 duplex auto
 speed auto
 media-type rj45
!
interface GigabitEthernet0/1
 no ip address
 shutdown
 duplex auto
 speed auto
 media-type rj45
!
interface GigabitEthernet0/2
 no ip address
 shutdown
 duplex auto
 speed auto
 media-type rj45
!
interface GigabitEthernet0/3
 no ip address
 duplex auto
 speed auto
 media-type rj45
 ipv6 address 2001:DB8:CAFE:1::500/64
 ipv6 enable
 ipv6 dhcp server example.com
!
ip forward-protocol nd
!
!
no ip http server
no ip http secure-server
ip dns server
ip dns primary example.com soa ns1.example.com admin.example.com 21600 900 7776000 86400
ip ssh version 2
ip ssh pubkey-chain
  username cesar
   key-hash ssh-rsa 8EE9E0916C48608F59E408C2C0E3F8AB cesar@ns1.example.com
ip ssh server algorithm authentication keyboard password publickey
!
ipv6 ioam timestamp
!
!
!
control-plane
!
banner exec ^C
**************************************************************************
* IOSv is strictly limited to use for evaluation, demonstration and IOS  *
* education. IOSv is provided as-is and is not supported by Cisco's      *
* Technical Advisory Center. Any use or disclosure, in whole or in part, *
* of the IOSv Software or Documentation to any third party for any       *
* purposes is expressly prohibited except as otherwise authorized by     *
* Cisco in writing.                                                      *
**************************************************************************^C
banner incoming ^C
**************************************************************************
* IOSv is strictly limited to use for evaluation, demonstration and IOS  *
* education. IOSv is provided as-is and is not supported by Cisco's      *
* Technical Advisory Center. Any use or disclosure, in whole or in part, *
* of the IOSv Software or Documentation to any third party for any       *
* purposes is expressly prohibited except as otherwise authorized by     *
* Cisco in writing.                                                      *
**************************************************************************^C
banner login ^C
**************************************************************************
* IOSv is strictly limited to use for evaluation, demonstration and IOS  *
* education. IOSv is provided as-is and is not supported by Cisco's      *
* Technical Advisory Center. Any use or disclosure, in whole or in part, *
* of the IOSv Software or Documentation to any third party for any       *
* purposes is expressly prohibited except as otherwise authorized by     *
* Cisco in writing.                                                      *
**************************************************************************^C
!
line con 0
 exec-timeout 0 0
 privilege level 15
 logging synchronous
line aux 0
 exec-timeout 0 0
 privilege level 15
 logging synchronous
line vty 0 4
 logging synchronous
 login local
 transport input telnet ssh
!
no scheduler allocate
!
end

DNSv6#
DNSv6#
DEBUG:netmiko:read_channel: 
DEBUG:netmiko:read_channel: 
DEBUG:netmiko:write_channel: b'exit\n'
DEBUG:paramiko.transport:starting thread (client mode): 0x7ea9dc10
DEBUG:paramiko.transport:Local version/idstring: SSH-2.0-paramiko_2.7.2
DEBUG:paramiko.transport:Remote version/idstring: SSH-2.0-Cisco-1.25
INFO:paramiko.transport:Connected (version 2.0, client Cisco-1.25)
DEBUG:paramiko.transport:kex algos:['diffie-hellman-group-exchange-sha1', 'diffie-hellman-group14-sha1'] server key:['ssh-rsa'] client encrypt:['aes128-ctr', 'aes192-ctr', 'aes256-ctr'] server encrypt:['aes128-ctr', 'aes192-ctr', 'aes256-ctr'] client mac:['hmac-sha2-256', 'hmac-sha2-512', 'hmac-sha1', 'hmac-sha1-96'] server mac:['hmac-sha2-256', 'hmac-sha2-512', 'hmac-sha1', 'hmac-sha1-96'] client compress:['none'] server compress:['none'] client lang:[''] server lang:[''] kex follows?False
DEBUG:paramiko.transport:Kex agreed: diffie-hellman-group-exchange-sha1
DEBUG:paramiko.transport:HostKey agreed: ssh-rsa
DEBUG:paramiko.transport:Cipher agreed: aes128-ctr
DEBUG:paramiko.transport:MAC agreed: hmac-sha2-256
DEBUG:paramiko.transport:Compression agreed: none
DEBUG:paramiko.transport:Got server p (2048 bits)
DEBUG:paramiko.transport:kex engine KexGex specified hash_algo <built-in function openssl_sha1>
DEBUG:paramiko.transport:Switch to new keys ...
DEBUG:paramiko.transport:Adding ssh-rsa host key for ns1.example.com: b'21a7daf00cac9b39ba68153e0da3f314'
DEBUG:paramiko.transport:starting thread (client mode): 0xb6cd9c10
DEBUG:paramiko.transport:Local version/idstring: SSH-2.0-paramiko_2.7.2
DEBUG:paramiko.transport:Remote version/idstring: SSH-2.0-Cisco-1.25
INFO:paramiko.transport:Connected (version 2.0, client Cisco-1.25)
DEBUG:paramiko.transport:kex algos:['diffie-hellman-group-exchange-sha1', 'diffie-hellman-group14-sha1'] server key:['ssh-rsa'] client encrypt:['aes128-ctr', 'aes192-ctr', 'aes256-ctr'] server encrypt:['aes128-ctr', 'aes192-ctr', 'aes256-ctr'] client mac:['hmac-sha2-256', 'hmac-sha2-512', 'hmac-sha1', 'hmac-sha1-96'] server mac:['hmac-sha2-256', 'hmac-sha2-512', 'hmac-sha1', 'hmac-sha1-96'] client compress:['none'] server compress:['none'] client lang:[''] server lang:[''] kex follows?False
DEBUG:paramiko.transport:Kex agreed: diffie-hellman-group-exchange-sha1
DEBUG:paramiko.transport:HostKey agreed: ssh-rsa
DEBUG:paramiko.transport:Cipher agreed: aes128-ctr
DEBUG:paramiko.transport:MAC agreed: hmac-sha2-256
DEBUG:paramiko.transport:Compression agreed: none
DEBUG:paramiko.transport:Got server p (2048 bits)
DEBUG:paramiko.transport:kex engine KexGex specified hash_algo <built-in function openssl_sha1>
DEBUG:paramiko.transport:Switch to new keys ...
DEBUG:paramiko.transport:Adding ssh-rsa host key for ns1.example.com: b'c10f5db2387385cced254633b165da78'
DEBUG:paramiko.transport:Trying discovered key b'294e425367258bc90575cd3e3dd4838a' in /home/kali/.ssh/ns1.example.com_id_rsa
DEBUG:paramiko.transport:userauth is OK
INFO:paramiko.transport:Auth banner: b"\r\n**************************************************************************\r\n* IOSv is strictly limited to use for evaluation, demonstration and IOS  *\r\n* education. IOSv is provided as-is and is not supported by Cisco's      *\r\n* Technical Advisory Center. Any use or disclosure, in whole or in part, *\r\n* of the IOSv Software or Documentation to any third party for any       *\r\n* purposes is expressly prohibited except as otherwise authorized by     *\r\n* Cisco in writing.                                                      *\r\n**************************************************************************"
INFO:paramiko.transport:Authentication (publickey) successful!
DEBUG:paramiko.transport:[chan 0] Max packet in: 32768 bytes
DEBUG:paramiko.transport:[chan 0] Max packet out: 4096 bytes
DEBUG:paramiko.transport:Secsh channel 0 opened.
DEBUG:paramiko.transport:[chan 0] Sesch channel 0 request ok
DEBUG:paramiko.transport:[chan 0] Sesch channel 0 request ok
DEBUG:netmiko:write_channel: b'terminal width 511\n'
DEBUG:netmiko:Pattern is: terminal width 511
DEBUG:netmiko:_read_channel_expect read_data: 
**************************************************************************
* IOSv is strictly limited to use for evaluation, demonstration and IOS  *
* education. IOSv is provided as-is and is not supported by Cisco's      *
* Technical Advisory Center. Any use or disclosure, in whole or in part, *
* of the IOSv Software or Documentation to any third party for any       *
* purposes is expressly prohibited except as otherwise authorized by     *
* Cisco in writing.                                                      *
**************************************************************************
DNSv6#
DEBUG:netmiko:_read_channel_expect read_data: terminal width 511
DEBUG:netmiko:Pattern found: terminal width 511 
**************************************************************************
* IOSv is strictly limited to use for evaluation, demonstration and IOS  *
* education. IOSv is provided as-is and is not supported by Cisco's      *
* Technical Advisory Center. Any use or disclosure, in whole or in part, *
* of the IOSv Software or Documentation to any third party for any       *
* purposes is expressly prohibited except as otherwise authorized by     *
* Cisco in writing.                                                      *
**************************************************************************
DNSv6#terminal width 511
DEBUG:netmiko:In disable_paging
DEBUG:netmiko:Command: terminal length 0

DEBUG:netmiko:write_channel: b'terminal length 0\n'
DEBUG:netmiko:Pattern is: terminal\ length\ 0
DEBUG:netmiko:_read_channel_expect read_data: 

DEBUG:netmiko:_read_channel_expect read_data: DNSv6#terminal length 0
DNSv6#
DEBUG:netmiko:Pattern found: terminal\ length\ 0 
DNSv6#terminal length 0
DNSv6#
DEBUG:netmiko:
DNSv6#terminal length 0
DNSv6#
DEBUG:netmiko:Exiting disable_paging
DEBUG:netmiko:read_channel: 
DEBUG:netmiko:write_channel: b'\n'
DEBUG:netmiko:read_channel: 
DNSv6#
DEBUG:netmiko:read_channel: 
DEBUG:netmiko:[find_prompt()]: prompt is DNSv6#
DEBUG:netmiko:write_channel: b'\n'
DEBUG:netmiko:Pattern is: DNSv6
DEBUG:netmiko:_read_channel_expect read_data: 

DEBUG:netmiko:_read_channel_expect read_data: DNSv6#
DEBUG:netmiko:Pattern found: DNSv6 
DNSv6#
DEBUG:netmiko:write_channel: b'show running-config \n'
DEBUG:netmiko:write_channel: b'\n'
DEBUG:netmiko:read_channel: show running-config 
Building configuration...

DEBUG:netmiko:read_channel: 
Current configuration : 4124 bytes
!
! Last configuration change at 07:55:55 UTC Fri Sep 17 2021 by cesar
!
version 15.7
service timestamps debug datetime msec
service timestamps log datetime msec
no service password-encryption
!
hostname DNSv6
!
boot-start-marker
boot-end-marker
!
!
!
no aaa new-model
!
!
!
mmi polling-interval 60
no mmi auto-configure
no mmi pvc
mmi snmp-timeout 180
!
!
!
!
!
no ip icmp rate-limit unreachable
!
!
!
!
!
!
no ip domain lookup
ip domain name example.com
ip host ns1.example.com 2001:DB8:CAFE:1::500
ip host r1.example.com 2001:DB8:CAFE:1::1 2001:DB8:CAFE::1
ip host sw1.example.com 2001:DB8:CAFE::100
ip host sw2.example.com 2001:DB8:CAFE:1::100
ip host r15.example.com 2001:DB8:CAFE:1::1500
ip host r2.example.com 2001:DB8:CAFE:2::1
ip host r3.example.com 2001:DB8:CAFE:3::1
ip host r4.example.com 2001:DB8:CAFE:4::1
ip host r5.example.com 2001:DB8:CAFE:5::1
ip cef
no ipv6 cef
ipv6 dhcp pool example.com
 dns-server 2001:DB8:CAFE:1::500
!
!
multilink bundle-name authenticated
!
!
!
!
username cesar privilege 15 secret 5 $1$ySxB$UVcFsfDJ7NqR6pUn563lN.
!
redundancy
!
no cdp log mismatch duplex
!
ip tcp synwait-time 5
! 
!
!
!
!
!
!
!
!
!
!
!
!
interface GigabitEthernet0/0
 no ip address
 shutdown
 duplex auto
 speed auto
 media-type rj45
!
interface GigabitEthernet0/1
 no ip address
 shutdown
 duplex auto
 speed auto
 media-type rj45
!
interface GigabitEthernet0/2
 no ip address
 shutdown
 duplex auto
 speed auto
 media-type rj45
!
interface GigabitEthernet0/3
 no ip address
 duplex auto
 speed auto
 media-type rj45
 ipv6 address 2001:DB8:CAFE:1::500/64
 ipv6 enable
 ipv6 dhcp server example.com
!
ip forward-protocol nd
!
!
no ip http server
no ip http secure-server
ip dns server
ip dns primary example.com soa ns1.example.com admin.example.com 21600 900 7776000 86400
ip ssh version 2
ip ssh pubkey-chain
  username cesar
   key-hash ssh-rsa 294E425367258BC90575CD3E3DD4838A cesar@ns1.example.com
ip ssh server algorithm authentication keyboard password publickey
!
ipv6 ioam timestamp
!
!
!
control-plane
!
banner exec ^C
**************************************************************************
* IOSv is strictly limited to use for evaluation, demonstration and IOS  *
* education. IOSv is provided as-is and is not supported by Cisco's      *
* Technical Advisory Center. Any use or disclosure, in whole or in part, *
* of the IOSv Software or Documentation to any third party for any       *
* purposes is expressly prohibited except as otherwise authorized by     *
* Cisco in writing.                                                      *
**************************************************************************^C
banner incoming ^C
**************************************************************************
* IOSv is strictly limited to use for evaluation, demonstration and IOS  *
* education. IOSv is provided as-is and is not supported by Cisco's      *
* Technical Advisory Center. Any use or disclosure, in whole or in part, *
* of the IOSv Software or Documentation to any third party for any       *
* purposes is expressly prohibited except as otherwise authorized by     *
* Cisco in writing.                                                      *
**************************************************************************^C
banner login ^C
**************************************************************************
* IOSv is strictly limited to use for evaluation, demonstration and IOS  *
* education. IOSv is provided as-is and is not supported by Cisco's      *
* Technical Advisory Center. Any use or disclosure, in whole or in part, *
* of the IOSv Software or Documentation to any third party for any       *
* purposes is expressly prohibited except as otherwise authorized by     *
* Cisco in writing.                                                      *
**************************************************************************^C
!
line con 0
 exec-timeout 0 0
 privilege level 15
 logging synchronous
line aux 0
 exec-timeout 0 0
 privilege level 15
 logging synchronous
line vty 0 4
 logging synchronous
 login local
 transport input telnet ssh
!
no scheduler allocate
!
end

DNSv6#
DNSv6#
DEBUG:netmiko:read_channel: 
DEBUG:netmiko:read_channel: 
DEBUG:netmiko:write_channel: b'exit\n'
DEBUG:paramiko.transport:starting thread (client mode): 0x69980c10
DEBUG:paramiko.transport:Local version/idstring: SSH-2.0-paramiko_2.7.2
DEBUG:paramiko.transport:Remote version/idstring: SSH-2.0-Cisco-1.25
INFO:paramiko.transport:Connected (version 2.0, client Cisco-1.25)
DEBUG:paramiko.transport:kex algos:['diffie-hellman-group-exchange-sha1', 'diffie-hellman-group14-sha1'] server key:['ssh-rsa'] client encrypt:['aes128-ctr', 'aes192-ctr', 'aes256-ctr'] server encrypt:['aes128-ctr', 'aes192-ctr', 'aes256-ctr'] client mac:['hmac-sha2-256', 'hmac-sha2-512', 'hmac-sha1', 'hmac-sha1-96'] server mac:['hmac-sha2-256', 'hmac-sha2-512', 'hmac-sha1', 'hmac-sha1-96'] client compress:['none'] server compress:['none'] client lang:[''] server lang:[''] kex follows?False
DEBUG:paramiko.transport:Kex agreed: diffie-hellman-group-exchange-sha1
DEBUG:paramiko.transport:HostKey agreed: ssh-rsa
DEBUG:paramiko.transport:Cipher agreed: aes128-ctr
DEBUG:paramiko.transport:MAC agreed: hmac-sha2-256
DEBUG:paramiko.transport:Compression agreed: none
DEBUG:paramiko.transport:Got server p (2048 bits)
DEBUG:paramiko.transport:kex engine KexGex specified hash_algo <built-in function openssl_sha1>
DEBUG:paramiko.transport:Switch to new keys ...
DEBUG:paramiko.transport:Adding ssh-rsa host key for ns1.example.com: b'83a46900622426b1baa7f70d3a0db6c2'
DEBUG:paramiko.transport:starting thread (client mode): 0xb3de8c10
DEBUG:paramiko.transport:Local version/idstring: SSH-2.0-paramiko_2.7.2
DEBUG:paramiko.transport:Remote version/idstring: SSH-2.0-Cisco-1.25
INFO:paramiko.transport:Connected (version 2.0, client Cisco-1.25)
DEBUG:paramiko.transport:kex algos:['diffie-hellman-group-exchange-sha1', 'diffie-hellman-group14-sha1'] server key:['ssh-rsa'] client encrypt:['aes128-ctr', 'aes192-ctr', 'aes256-ctr'] server encrypt:['aes128-ctr', 'aes192-ctr', 'aes256-ctr'] client mac:['hmac-sha2-256', 'hmac-sha2-512', 'hmac-sha1', 'hmac-sha1-96'] server mac:['hmac-sha2-256', 'hmac-sha2-512', 'hmac-sha1', 'hmac-sha1-96'] client compress:['none'] server compress:['none'] client lang:[''] server lang:[''] kex follows?False
DEBUG:paramiko.transport:Kex agreed: diffie-hellman-group-exchange-sha1
DEBUG:paramiko.transport:HostKey agreed: ssh-rsa
DEBUG:paramiko.transport:Cipher agreed: aes128-ctr
DEBUG:paramiko.transport:MAC agreed: hmac-sha2-256
DEBUG:paramiko.transport:Compression agreed: none
DEBUG:paramiko.transport:Got server p (2048 bits)
DEBUG:paramiko.transport:kex engine KexGex specified hash_algo <built-in function openssl_sha1>
DEBUG:paramiko.transport:Switch to new keys ...
DEBUG:paramiko.transport:Adding ssh-rsa host key for ns1.example.com: b'd5d554bcab8b09079a8b9b4f719e2d22'
DEBUG:paramiko.transport:Trying discovered key b'88a70beeb32530106dac5cdae24a8c7d' in /home/kali/.ssh/ns1.example.com_id_rsa
DEBUG:paramiko.transport:userauth is OK
INFO:paramiko.transport:Auth banner: b"\r\n**************************************************************************\r\n* IOSv is strictly limited to use for evaluation, demonstration and IOS  *\r\n* education. IOSv is provided as-is and is not supported by Cisco's      *\r\n* Technical Advisory Center. Any use or disclosure, in whole or in part, *\r\n* of the IOSv Software or Documentation to any third party for any       *\r\n* purposes is expressly prohibited except as otherwise authorized by     *\r\n* Cisco in writing.                                                      *\r\n**************************************************************************"
INFO:paramiko.transport:Authentication (publickey) successful!
DEBUG:paramiko.transport:[chan 0] Max packet in: 32768 bytes
DEBUG:paramiko.transport:[chan 0] Max packet out: 4096 bytes
DEBUG:paramiko.transport:Secsh channel 0 opened.
DEBUG:paramiko.transport:[chan 0] Sesch channel 0 request ok
DEBUG:paramiko.transport:[chan 0] Sesch channel 0 request ok
DEBUG:netmiko:write_channel: b'terminal width 511\n'
DEBUG:netmiko:Pattern is: terminal width 511
DEBUG:netmiko:_read_channel_expect read_data: 
**************************************************************************
* IOSv is strictly limited to use for evaluation, demonstration and IOS  *
* education. IOSv is provided as-is and is not supported by Cisco's      *
* Technical Advisory Center. Any use or disclosure, in whole or in part, *
* of the IOSv Software or Documentation to any third party for any       *
* purposes is expressly prohibited except as otherwise authorized by     *
* Cisco in writing.                                                      *
**************************************************************************
DNSv6#
DEBUG:netmiko:_read_channel_expect read_data: terminal width 511
DEBUG:netmiko:Pattern found: terminal width 511 
**************************************************************************
* IOSv is strictly limited to use for evaluation, demonstration and IOS  *
* education. IOSv is provided as-is and is not supported by Cisco's      *
* Technical Advisory Center. Any use or disclosure, in whole or in part, *
* of the IOSv Software or Documentation to any third party for any       *
* purposes is expressly prohibited except as otherwise authorized by     *
* Cisco in writing.                                                      *
**************************************************************************
DNSv6#terminal width 511
DEBUG:netmiko:In disable_paging
DEBUG:netmiko:Command: terminal length 0

DEBUG:netmiko:write_channel: b'terminal length 0\n'
DEBUG:netmiko:Pattern is: terminal\ length\ 0
DEBUG:netmiko:_read_channel_expect read_data: 

DEBUG:netmiko:_read_channel_expect read_data: DNSv6#terminal length 0
DNSv6#
DEBUG:netmiko:Pattern found: terminal\ length\ 0 
DNSv6#terminal length 0
DNSv6#
DEBUG:netmiko:
DNSv6#terminal length 0
DNSv6#
DEBUG:netmiko:Exiting disable_paging
DEBUG:netmiko:read_channel: 
DEBUG:netmiko:write_channel: b'\n'
DEBUG:netmiko:read_channel: 
DNSv6#
DEBUG:netmiko:read_channel: 
DEBUG:netmiko:[find_prompt()]: prompt is DNSv6#
DEBUG:netmiko:write_channel: b'\n'
DEBUG:netmiko:Pattern is: DNSv6
DEBUG:netmiko:_read_channel_expect read_data: 

DEBUG:netmiko:_read_channel_expect read_data: DNSv6#
DEBUG:netmiko:Pattern found: DNSv6 
DNSv6#
DEBUG:netmiko:write_channel: b'show running-config \n'
DEBUG:netmiko:write_channel: b'\n'
DEBUG:netmiko:read_channel: show running-config 
Building configuration...

DEBUG:netmiko:read_channel: 
Current configuration : 4124 bytes
!
! Last configuration change at 07:57:03 UTC Fri Sep 17 2021 by cesar
!
version 15.7
service timestamps debug datetime msec
service timestamps log datetime msec
no service password-encryption
!
hostname DNSv6
!
boot-start-marker
boot-end-marker
!
!
!
no aaa new-model
!
!
!
mmi polling-interval 60
no mmi auto-configure
no mmi pvc
mmi snmp-timeout 180
!
!
!
!
!
no ip icmp rate-limit unreachable
!
!
!
!
!
!
no ip domain lookup
ip domain name example.com
ip host ns1.example.com 2001:DB8:CAFE:1::500
ip host r1.example.com 2001:DB8:CAFE:1::1 2001:DB8:CAFE::1
ip host sw1.example.com 2001:DB8:CAFE::100
ip host sw2.example.com 2001:DB8:CAFE:1::100
ip host r15.example.com 2001:DB8:CAFE:1::1500
ip host r2.example.com 2001:DB8:CAFE:2::1
ip host r3.example.com 2001:DB8:CAFE:3::1
ip host r4.example.com 2001:DB8:CAFE:4::1
ip host r5.example.com 2001:DB8:CAFE:5::1
ip cef
no ipv6 cef
ipv6 dhcp pool example.com
 dns-server 2001:DB8:CAFE:1::500
!
!
multilink bundle-name authenticated
!
!
!
!
username cesar privilege 15 secret 5 $1$ySxB$UVcFsfDJ7NqR6pUn563lN.
!
redundancy
!
no cdp log mismatch duplex
!
ip tcp synwait-time 5
! 
!
!
!
!
!
!
!
!
!
!
!
!
interface GigabitEthernet0/0
 no ip address
 shutdown
 duplex auto
 speed auto
 media-type rj45
!
interface GigabitEthernet0/1
 no ip address
 shutdown
 duplex auto
 speed auto
 media-type rj45
!
interface GigabitEthernet0/2
 no ip address
 shutdown
 duplex auto
 speed auto
 media-type rj45
!
interface GigabitEthernet0/3
 no ip address
 duplex auto
 speed auto
 media-type rj45
 ipv6 address 2001:DB8:CAFE:1::500/64
 ipv6 enable
 ipv6 dhcp server example.com
!
ip forward-protocol nd
!
!
no ip http server
no ip http secure-server
ip dns server
ip dns primary example.com soa ns1.example.com admin.example.com 21600 900 7776000 86400
ip ssh version 2
ip ssh pubkey-chain
  username cesar
   key-hash ssh-rsa 88A70BEEB32530106DAC5CDAE24A8C7D cesar@ns1.example.com
ip ssh server algorithm authentication keyboard password publickey
!
ipv6 ioam timestamp
!
!
!
control-plane
!
banner exec ^C
**************************************************************************
* IOSv is strictly limited to use for evaluation, demonstration and IOS  *
* education. IOSv is provided as-is and is not supported by Cisco's      *
* Technical Advisory Center. Any use or disclosure, in whole or in part, *
* of the IOSv Software or Documentation to any third party for any       *
* purposes is expressly prohibited except as otherwise authorized by     *
* Cisco in writing.                                                      *
**************************************************************************^C
banner incoming ^C
**************************************************************************
* IOSv is strictly limited to use for evaluation, demonstration and IOS  *
* education. IOSv is provided as-is and is not supported by Cisco's      *
* Technical Advisory Center. Any use or disclosure, in whole or in part, *
* of the IOSv Software or Documentation to any third party for any       *
* purposes is expressly prohibited except as otherwise authorized by     *
* Cisco in writing.                                                      *
**************************************************************************^C
banner login ^C
**************************************************************************
* IOSv is strictly limited to use for evaluation, demonstration and IOS  *
* education. IOSv is provided as-is and is not supported by Cisco's      *
* Technical Advisory Center. Any use or disclosure, in whole or in part, *
* of the IOSv Software or Documentation to any third party for any       *
* purposes is expressly prohibited except as otherwise authorized by     *
* Cisco in writing.                                                      *
**************************************************************************^C
!
line con 0
 exec-timeout 0 0
 privilege level 15
 logging synchronous
line aux 0
 exec-timeout 0 0
 privilege level 15
 logging synchronous
line vty 0 4
 logging synchronous
 login local
 transport input telnet ssh
!
no scheduler allocate
!
end

DNSv6#
DNSv6#
DEBUG:netmiko:read_channel: 
DEBUG:netmiko:read_channel: 
DEBUG:netmiko:write_channel: b'exit\n'
